Component: ARM Compiler 5.06 update 4 (build 422) Tool: armlink [4d35d2]

==============================================================================

Section Cross References

    main.o(i.App_DispScr_SignOn) refers to printfa.o(i.__0printf) for __2printf
    main.o(i.App_DispScr_SignOn) refers to os_core.o(i.OSVersion) for OSVersion
    main.o(i.App_DispScr_SignOn) refers to bsp.o(i.BSP_CPU_ClkFreq) for BSP_CPU_ClkFreq
    main.o(i.App_DispScr_SignOn) refers to os_core.o(.data) for OSCPUUsage
    main.o(i.App_Send_Data_Onenet) refers to gprs.o(i.gprs_test) for gprs_test
    main.o(i.App_Send_Data_Onenet) refers to os_time.o(i.OSTimeDlyHMSM) for OSTimeDlyHMSM
    main.o(i.App_Send_Data_Onenet) refers to printfa.o(i.__0printf) for __2printf
    main.o(i.App_Send_Data_Onenet) refers to gps.o(i.GPS_Analysis) for GPS_Analysis
    main.o(i.App_Send_Data_Onenet) refers to gprs.o(i.Gps_Msg_Show) for Gps_Msg_Show
    main.o(i.App_Send_Data_Onenet) refers to onenet.o(i.OneNet_SendData) for OneNet_SendData
    main.o(i.App_Send_Data_Onenet) refers to usart3.o(.data) for flag_gps
    main.o(i.App_Send_Data_Onenet) refers to usart3.o(.bss) for gps_rbuff
    main.o(i.App_Send_Data_Onenet) refers to gprs.o(.bss) for gpsx
    main.o(i.App_TaskStart) refers to os_cpu_c.o(i.OS_CPU_SysTickInit) for OS_CPU_SysTickInit
    main.o(i.App_TaskStart) refers to os_core.o(i.OSStatInit) for OSStatInit
    main.o(i.App_TaskStart) refers to os_task.o(i.OSTaskCreate) for OSTaskCreate
    main.o(i.App_TaskStart) refers to printfa.o(i.__0printf) for __2printf
    main.o(i.App_TaskStart) refers to os_task.o(i.OSTaskNameSet) for OSTaskNameSet
    main.o(i.App_TaskStart) refers to os_time.o(i.OSTimeDlyHMSM) for OSTimeDlyHMSM
    main.o(i.App_TaskStart) refers to main.o(.bss) for App_SendOnenetStk
    main.o(i.App_TaskStart) refers to main.o(i.App_Send_Data_Onenet) for App_Send_Data_Onenet
    main.o(i.TestPrintf) refers to printfa.o(i.__0printf) for __2printf
    main.o(i.TestPrintf) refers to os_core.o(.data) for OSRunning
    main.o(i.main) refers to cpu_a.o(.text) for CPU_IntDis
    main.o(i.main) refers to os_core.o(i.OSInit) for OSInit
    main.o(i.main) refers to bsp.o(i.BSP_Init) for BSP_Init
    main.o(i.main) refers to main.o(i.App_DispScr_SignOn) for App_DispScr_SignOn
    main.o(i.main) refers to printfa.o(i.__0printf) for __2printf
    main.o(i.main) refers to os_task.o(i.OSTaskCreate) for OSTaskCreate
    main.o(i.main) refers to os_task.o(i.OSTaskNameSet) for OSTaskNameSet
    main.o(i.main) refers to os_time.o(i.OSTimeSet) for OSTimeSet
    main.o(i.main) refers to os_core.o(i.OSStart) for OSStart
    main.o(i.main) refers to main.o(.bss) for App_TaskStartStk
    main.o(i.main) refers to main.o(i.App_TaskStart) for App_TaskStart
    system_stm32f10x.o(i.SetSysClock) refers to system_stm32f10x.o(i.SetSysClockTo72) for SetSysClockTo72
    system_stm32f10x.o(i.SystemCoreClockUpdate) refers to system_stm32f10x.o(.data) for SystemCoreClock
    system_stm32f10x.o(i.SystemInit) refers to system_stm32f10x.o(i.SetSysClock) for SetSysClock
    bsp.o(i.BSP_CPU_ClkFreq) refers to stm32f10x_rcc.o(i.RCC_GetClocksFreq) for RCC_GetClocksFreq
    bsp.o(i.BSP_Init) refers to bsp.o(i.RCC_Configuration) for RCC_Configuration
    bsp.o(i.BSP_Init) refers to bsp.o(i.GPIO_Configuration) for GPIO_Configuration
    bsp.o(i.BSP_Init) refers to bsp.o(i.NVIC_Configuration) for NVIC_Configuration
    bsp.o(i.BSP_Init) refers to usart.o(i.uart_init) for uart_init
    bsp.o(i.BSP_Init) refers to usart3.o(i.gps_usart3_config) for gps_usart3_config
    bsp.o(i.BSP_Init) refers to usart2.o(i.USART2_Init) for USART2_Init
    bsp.o(i.GPIO_Configuration) refers to stm32f10x_rcc.o(i.RCC_APB2PeriphClockCmd) for RCC_APB2PeriphClockCmd
    bsp.o(i.GPIO_Configuration) refers to stm32f10x_gpio.o(i.GPIO_Init) for GPIO_Init
    bsp.o(i.OS_CPU_SysTickClkFreq) refers to bsp.o(i.BSP_CPU_ClkFreq) for BSP_CPU_ClkFreq
    bsp.o(i.RCC_Configuration) refers to stm32f10x_rcc.o(i.RCC_DeInit) for RCC_DeInit
    bsp.o(i.RCC_Configuration) refers to stm32f10x_rcc.o(i.RCC_HSEConfig) for RCC_HSEConfig
    bsp.o(i.RCC_Configuration) refers to stm32f10x_rcc.o(i.RCC_WaitForHSEStartUp) for RCC_WaitForHSEStartUp
    bsp.o(i.RCC_Configuration) refers to stm32f10x_rcc.o(i.RCC_HCLKConfig) for RCC_HCLKConfig
    bsp.o(i.RCC_Configuration) refers to stm32f10x_rcc.o(i.RCC_PCLK2Config) for RCC_PCLK2Config
    bsp.o(i.RCC_Configuration) refers to stm32f10x_rcc.o(i.RCC_PCLK1Config) for RCC_PCLK1Config
    bsp.o(i.RCC_Configuration) refers to stm32f10x_rcc.o(i.RCC_PLLConfig) for RCC_PLLConfig
    bsp.o(i.RCC_Configuration) refers to stm32f10x_rcc.o(i.RCC_PLLCmd) for RCC_PLLCmd
    bsp.o(i.RCC_Configuration) refers to stm32f10x_rcc.o(i.RCC_GetFlagStatus) for RCC_GetFlagStatus
    bsp.o(i.RCC_Configuration) refers to stm32f10x_rcc.o(i.RCC_SYSCLKConfig) for RCC_SYSCLKConfig
    bsp.o(i.RCC_Configuration) refers to stm32f10x_rcc.o(i.RCC_GetSYSCLKSource) for RCC_GetSYSCLKSource
[...]
    Removing os_mbox.o(i.OSMboxPostOpt), (120 bytes).
    Removing os_mbox.o(i.OSMboxQuery), (76 bytes).
    Removing os_sem.o(i.OSSemAccept), (44 bytes).
    Removing os_sem.o(i.OSSemCreate), (88 bytes).
    Removing os_sem.o(i.OSSemDel), (228 bytes).
    Removing os_sem.o(i.OSSemPend), (248 bytes).
    Removing os_sem.o(i.OSSemPendAbort), (128 bytes).
    Removing os_sem.o(i.OSSemPost), (88 bytes).
    Removing os_sem.o(i.OSSemQuery), (82 bytes).
    Removing os_sem.o(i.OSSemSet), (68 bytes).
    Removing os_task.o(i.OSTaskChangePrio), (416 bytes).
    Removing os_task.o(i.OSTaskDel), (360 bytes).
    Removing os_task.o(i.OSTaskDelReq), (108 bytes).
    Removing os_task.o(i.OSTaskNameGet), (128 bytes).
    Removing os_task.o(i.OSTaskQuery), (92 bytes).
    Removing os_task.o(i.OSTaskResume), (172 bytes).
    Removing os_time.o(i.OSTimeDlyResume), (180 bytes).
    Removing os_time.o(i.OSTimeGet), (28 bytes).
    Removing os_cpu_c.o(i.OSTaskDelHook), (12 bytes).
    Removing os_dbg.o(.constdata), (2 bytes).

415 unused section(s) (total 22220 bytes) removed from the image.

==============================================================================

Image Symbol Table

    Local Symbols

    Symbol Name                              Value     Ov Type        Size  Object(Section)

    ../clib/microlib/division.c              0x00000000   Number         0  uidiv.o ABSOLUTE
    ../clib/microlib/division.c              0x00000000   Number         0  uldiv.o ABSOLUTE
    ../clib/microlib/init/entry.s            0x00000000   Number         0  entry8b.o ABSOLUTE
    ../clib/microlib/init/entry.s            0x00000000   Number         0  entry10b.o ABSOLUTE
    ../clib/microlib/init/entry.s            0x00000000   Number         0  entry.o ABSOLUTE
    ../clib/microlib/init/entry.s            0x00000000   Number         0  entry7a.o ABSOLUTE
    ../clib/microlib/init/entry.s            0x00000000   Number         0  entry2.o ABSOLUTE
    ../clib/microlib/init/entry.s            0x00000000   Number         0  entry5.o ABSOLUTE
    ../clib/microlib/init/entry.s            0x00000000   Number         0  entry11b.o ABSOLUTE
    ../clib/microlib/init/entry.s            0x00000000   Number         0  entry8a.o ABSOLUTE
    ../clib/microlib/init/entry.s            0x00000000   Number         0  entry11a.o ABSOLUTE
    ../clib/microlib/init/entry.s            0x00000000   Number         0  entry9b.o ABSOLUTE
    ../clib/microlib/init/entry.s            0x00000000   Number         0  entry9a.o ABSOLUTE
    ../clib/microlib/init/entry.s            0x00000000   Number         0  entry7b.o ABSOLUTE
    ../clib/microlib/init/entry.s            0x00000000   Number         0  entry10a.o ABSOLUTE
    ../clib/microlib/longlong.c              0x00000000   Number         0  llsshr.o ABSOLUTE
    ../clib/microlib/longlong.c              0x00000000   Number         0  llushr.o ABSOLUTE
    ../clib/microlib/longlong.c              0x00000000   Number         0  llshl.o ABSOLUTE
    ../clib/microlib/printf/printf.c         0x00000000   Number         0  printf7.o ABSOLUTE
    ../clib/microlib/printf/printf.c         0x00000000   Number         0  printfa.o ABSOLUTE
    ../clib/microlib/printf/printf.c         0x00000000   Number         0  printf8.o ABSOLUTE
    ../clib/microlib/printf/printf.c         0x00000000   Number         0  printf6.o ABSOLUTE
    ../clib/microlib/printf/printf.c         0x00000000   Number         0  printf3.o ABSOLUTE
    ../clib/microlib/printf/printf.c         0x00000000   Number         0  printf4.o ABSOLUTE
    ../clib/microlib/printf/printf.c         0x00000000   Number         0  printf2.o ABSOLUTE
    ../clib/microlib/printf/printf.c         0x00000000   Number         0  printfb.o ABSOLUTE
    ../clib/microlib/printf/printf.c         0x00000000   Number         0  printf5.o ABSOLUTE
    ../clib/microlib/printf/printf.c         0x00000000   Number         0  printf1.o ABSOLUTE
    ../clib/microlib/printf/printf.c         0x00000000   Number         0  printf0.o ABSOLUTE
    ../clib/microlib/printf/stubs.s          0x00000000   Number         0  stubs.o ABSOLUTE
    ../clib/microlib/string/memset.c         0x00000000   Number         0  memseta.o ABSOLUTE
    ../clib/microlib/string/strcat.c         0x00000000   Number         0  strcat.o ABSOLUTE
    ../clib/microlib/string/strlen.c         0x00000000   Number         0  strlen.o ABSOLUTE
    ../clib/microlib/string/strstr.c         0x00000000   Number         0  strstr.o ABSOLUTE
    ../clib/microlib/stubs.s                 0x00000000   Number         0  useno.o ABSOLUTE
    ../clib/microlib/stubs.s                 0x00000000   Number         0  iusefp.o ABSOLUTE
    ../fplib/microlib/f2d.c                  0x00000000   Number         0  f2d.o ABSOLUTE
    ../fplib/microlib/fpadd.c                0x00000000   Number         0  dadd.o ABSOLUTE
    ../fplib/microlib/fpadd.c                0x00000000   Number         0  fadd.o ABSOLUTE
    ../fplib/microlib/fpdiv.c                0x00000000   Number         0  ddiv.o ABSOLUTE
    ../fplib/microlib/fpdiv.c                0x00000000   Number         0  fdiv.o ABSOLUTE
    ../fplib/microlib/fpepilogue.c           0x00000000   Number         0  fepilogue.o ABSOLUTE
    ../fplib/microlib/fpepilogue.c           0x00000000   Number         0  depilogue.o ABSOLUTE
    ../fplib/microlib/fpfix.c                0x00000000   Number         0  ffixui.o ABSOLUTE
    ../fplib/microlib/fpfix.c                0x00000000   Number         0  dfixul.o ABSOLUTE
    ../fplib/microlib/fpflt.c                0x00000000   Number         0  ffltui.o ABSOLUTE
    ../fplib/microlib/fpmul.c                0x00000000   Number         0  dmul.o ABSOLUTE
    ..\CORE\core_cm3.c                       0x00000000   Number         0  core_cm3.o ABSOLUTE
    ..\CORE\startup_stm32f10x_hd.s           0x00000000   Number         0  startup_stm32f10x_hd.o ABSOLUTE
    ..\STM32F10x_FWLib\src\misc.c            0x00000000   Number         0  misc.o ABSOLUTE
    ..\STM32F10x_FWLib\src\stm32f10x_adc.c   0x00000000   Number         0  stm32f10x_adc.o ABSOLUTE
    ..\STM32F10x_FWLib\src\stm32f10x_dma.c   0x00000000   Number         0  stm32f10x_dma.o ABSOLUTE
    ..\STM32F10x_FWLib\src\stm32f10x_exti.c  0x00000000   Number         0  stm32f10x_exti.o ABSOLUTE
    ..\STM32F10x_FWLib\src\stm32f10x_flash.c 0x00000000   Number         0  stm32f10x_flash.o ABSOLUTE
    ..\STM32F10x_FWLib\src\stm32f10x_gpio.c  0x00000000   Number         0  stm32f10x_gpio.o ABSOLUTE
    ..\STM32F10x_FWLib\src\stm32f10x_i2c.c   0x00000000   Number         0  stm32f10x_i2c.o ABSOLUTE
    ..\STM32F10x_FWLib\src\stm32f10x_rcc.c   0x00000000   Number         0  stm32f10x_rcc.o ABSOLUTE
    ..\STM32F10x_FWLib\src\stm32f10x_rtc.c   0x00000000   Number         0  stm32f10x_rtc.o ABSOLUTE
    ..\STM32F10x_FWLib\src\stm32f10x_sdio.c  0x00000000   Number         0  stm32f10x_sdio.o ABSOLUTE
    ..\STM32F10x_FWLib\src\stm32f10x_spi.c   0x00000000   Number         0  stm32f10x_spi.o ABSOLUTE
    ..\STM32F10x_FWLib\src\stm32f10x_tim.c   0x00000000   Number         0  stm32f10x_tim.o ABSOLUTE
    ..\STM32F10x_FWLib\src\stm32f10x_usart.c 0x00000000   Number         0  stm32f10x_usart.o ABSOLUTE
    ..\STM32F10x_FWLib\src\stm32f10x_wwdg.c  0x00000000   Number         0  stm32f10x_wwdg.o ABSOLUTE
    ..\\CORE\\core_cm3.c                     0x00000000   Number         0  core_cm3.o ABSOLUTE
    ..\app\main.c                            0x00000000   Number         0  main.o ABSOLUTE
    ..\app\stm32f10x_it.c                    0x00000000   Number         0  stm32f10x_it.o ABSOLUTE
    ..\app\system_stm32f10x.c                0x00000000   Number         0  system_stm32f10x.o ABSOLUTE
    ..\bsp\src\bsp.c                         0x00000000   Number         0  bsp.o ABSOLUTE
    ..\bsp\src\led.c                         0x00000000   Number         0  led.o ABSOLUTE
    ..\bsp\src\usart.c                       0x00000000   Number         0  usart.o ABSOLUTE
    ..\bsp\src\usart2.c                      0x00000000   Number         0  usart2.o ABSOLUTE
    ..\bsp\src\usart3.c                      0x00000000   Number         0  usart3.o ABSOLUTE
    ..\driver\scr\gprs.c                     0x00000000   Number         0  gprs.o ABSOLUTE
    ..\driver\scr\gps.c                      0x00000000   Number         0  gps.o ABSOLUTE
    ..\net\src\onenet.c                      0x00000000   Number         0  onenet.o ABSOLUTE
    ..\uC-CPU\ARM-Cortex-M3\cpu_a.asm        0x00000000   Number         0  cpu_a.o ABSOLUTE
    ..\uC-CPU\ARM-Cortex-M3\cpu_c.c          0x00000000   Number         0  cpu_c.o ABSOLUTE
    ..\uC-LIB\Ports\lib_mem_a.asm            0x00000000   Number         0  lib_mem_a.o ABSOLUTE
    ..\uC-LIB\lib_mem.c                      0x00000000   Number         0  lib_mem.o ABSOLUTE
    ..\uC-LIB\lib_str.c                      0x00000000   Number         0  lib_str.o ABSOLUTE
    ..\uCOS-II\Ports\os_cpu_a.asm            0x00000000   Number         0  os_cpu_a.o ABSOLUTE
    ..\uCOS-II\Ports\os_cpu_c.c              0x00000000   Number         0  os_cpu_c.o ABSOLUTE
    ..\uCOS-II\Ports\os_dbg.c                0x00000000   Number         0  os_dbg.o ABSOLUTE
    ..\uCOS-II\Source\os_core.c              0x00000000   Number         0  os_core.o ABSOLUTE
    ..\uCOS-II\Source\os_flag.c              0x00000000   Number         0  os_flag.o ABSOLUTE
    ..\uCOS-II\Source\os_mbox.c              0x00000000   Number         0  os_mbox.o ABSOLUTE
    ..\uCOS-II\Source\os_mem.c               0x00000000   Number         0  os_mem.o ABSOLUTE
    ..\uCOS-II\Source\os_mutex.c             0x00000000   Number         0  os_mutex.o ABSOLUTE
    ..\uCOS-II\Source\os_q.c                 0x00000000   Number         0  os_q.o ABSOLUTE
    ..\uCOS-II\Source\os_sem.c               0x00000000   Number         0  os_sem.o ABSOLUTE
    ..\uCOS-II\Source\os_task.c              0x00000000   Number         0  os_task.o ABSOLUTE
    ..\uCOS-II\Source\os_time.c              0x00000000   Number         0  os_time.o ABSOLUTE
    ..\uCOS-II\Source\os_tmr.c               0x00000000   Number         0  os_tmr.o ABSOLUTE
    cdrcmple.s                               0x00000000   Number         0  cdrcmple.o ABSOLUTE
    dc.s                                     0x00000000   Number         0  dc.o ABSOLUTE
    handlers.s                               0x00000000   Number         0  handlers.o ABSOLUTE
    init.s                                   0x00000000   Number         0  init.o ABSOLUTE
    RESET                                    0x08000000   Section      304  startup_stm32f10x_hd.o(RESET)
    .ARM.Collect$$$$00000000                 0x08000130   Section        0  entry.o(.ARM.Collect$$$$00000000)
    .ARM.Collect$$$$00000001                 0x08000130   Section        4  entry2.o(.ARM.Collect$$$$00000001)
    .ARM.Collect$$$$00000004                 0x08000134   Section        4  entry5.o(.ARM.Collect$$$$00000004)
    .ARM.Collect$$$$00000008                 0x08000138   Section        0  entry7b.o(.ARM.Collect$$$$00000008)
    .ARM.Collect$$$$0000000A                 0x08000138   Section        0  entry8b.o(.ARM.Collect$$$$0000000A)
    .ARM.Collect$$$$0000000B                 0x08000138   Section        8  entry9a.o(.ARM.Collect$$$$0000000B)
    .ARM.Collect$$$$0000000D                 0x08000140   Section        0  entry10a.o(.ARM.Collect$$$$0000000D)
    .ARM.Collect$$$$0000000F                 0x08000140   Section        0  entry11a.o(.ARM.Collect$$$$0000000F)
    .ARM.Collect$$$$00002712                 0x08000140   Section        4  entry2.o(.ARM.Collect$$$$00002712)
    __lit__00000000                          0x08000140   Data           4  entry2.o(.ARM.Collect$$$$00002712)
    .text                                    0x08000144   Section       36  startup_stm32f10x_hd.o(.text)
    .text                                    0x08000168   Section       42  cpu_a.o(.text)
    .text                                    0x08000194   Section      164  os_cpu_a.o(.text)
    .text                                    0x08000238   Section        0  memseta.o(.text)
    .text                                    0x0800025c   Section        0  strcat.o(.text)
    .text                                    0x08000274   Section        0  strstr.o(.text)
    .text                                    0x08000298   Section        0  strlen.o(.text)
    .text                                    0x080002a6   Section        0  fadd.o(.text)
    .text                                    0x08000356   Section        0  fdiv.o(.text)
    .text                                    0x080003d2   Section        0  ffltui.o(.text)
    .text                                    0x080003dc   Section        0  ffixui.o(.text)
    .text                                    0x08000404   Section        0  f2d.o(.text)
    .text                                    0x0800042a   Section        0  uidiv.o(.text)
    .text                                    0x08000456   Section        0  uldiv.o(.text)
    .text                                    0x080004b8   Section        0  iusefp.o(.text)
    .text                                    0x080004b8   Section        0  fepilogue.o(.text)
    .text                                    0x08000526   Section        0  dadd.o(.text)
    .text                                    0x08000674   Section        0  dmul.o(.text)
    .text                                    0x08000758   Section        0  ddiv.o(.text)
    .text                                    0x08000836   Section        0  dfixul.o(.text)
    .text                                    0x08000868   Section       48  cdrcmple.o(.text)
    .text                                    0x08000898   Section       36  init.o(.text)
    .text                                    0x080008bc   Section        0  llshl.o(.text)
    .text                                    0x080008da   Section        0  llushr.o(.text)
    .text                                    0x080008fa   Section        0  llsshr.o(.text)
    .text                                    0x0800091e   Section        0  depilogue.o(.text)
    i.App_DispScr_SignOn                     0x080009d8   Section        0  main.o(i.App_DispScr_SignOn)
    App_DispScr_SignOn                       0x080009d9   Thumb Code   130  main.o(i.App_DispScr_SignOn)
    i.App_Send_Data_Onenet                   0x08000b2c   Section        0  main.o(i.App_Send_Data_Onenet)
    App_Send_Data_Onenet                     0x08000b2d   Thumb Code    72  main.o(i.App_Send_Data_Onenet)
    i.App_TCBInitHook                        0x08000b98   Section        0  main.o(i.App_TCBInitHook)
    i.App_TaskCreateHook                     0x08000b9a   Section        0  main.o(i.App_TaskCreateHook)
    i.App_TaskIdleHook                       0x08000b9c   Section        0  main.o(i.App_TaskIdleHook)
    i.App_TaskStart                          0x08000ba0   Section        0  main.o(i.App_TaskStart)
    App_TaskStart                            0x08000ba1   Thumb Code    62  main.o(i.App_TaskStart)
    i.App_TaskStatHook                       0x08000c18   Section        0  main.o(i.App_TaskStatHook)
    i.App_TaskSwHook                         0x08000c1a   Section        0  main.o(i.App_TaskSwHook)
    i.BSP_CPU_ClkFreq                        0x08000c1c   Section        0  bsp.o(i.BSP_CPU_ClkFreq)
    i.BSP_Init                               0x08000c2c   Section        0  bsp.o(i.BSP_Init)
    i.BusFault_Handler                       0x08000c50   Section        0  stm32f10x_it.o(i.BusFault_Handler)
    i.DMA_Cmd                                0x08000c54   Section        0  stm32f10x_dma.o(i.DMA_Cmd)
    i.DMA_DeInit                             0x08000c6c   Section        0  stm32f10x_dma.o(i.DMA_DeInit)
    i.DMA_Init                               0x08000db8   Section        0  stm32f10x_dma.o(i.DMA_Init)
    i.DMA_SetCurrDataCounter                 0x08000df4   Section        0  stm32f10x_dma.o(i.DMA_SetCurrDataCounter)
    i.DebugMon_Handler                       0x08000df8   Section        0  stm32f10x_it.o(i.DebugMon_Handler)
    i.GPIO_Configuration                     0x08000dfc   Section        0  bsp.o(i.GPIO_Configuration)
    i.GPIO_Init                              0x08000e28   Section        0  stm32f10x_gpio.o(i.GPIO_Init)
    i.GPS_Analysis                           0x08000f40   Section        0  gps.o(i.GPS_Analysis)
    i.Gps_Msg_Show                           0x08001124   Section        0  gprs.o(i.Gps_Msg_Show)
    i.HardFault_Handler                      0x08001238   Section        0  stm32f10x_it.o(i.HardFault_Handler)
    i.MemManage_Handler                      0x0800123c   Section        0  stm32f10x_it.o(i.MemManage_Handler)
    i.NMEA_Comma_Pos                         0x08001240   Section        0  gps.o(i.NMEA_Comma_Pos)
    i.NMEA_Pow                               0x08001272   Section        0  gps.o(i.NMEA_Pow)
    i.NMEA_Str2num                           0x08001288   Section        0  gps.o(i.NMEA_Str2num)
    i.NMI_Handler                            0x08001390   Section        0  stm32f10x_it.o(i.NMI_Handler)
    i.NVIC_Configuration                     0x08001392   Section        0  bsp.o(i.NVIC_Configuration)
    i.NVIC_Init                              0x08001394   Section        0  misc.o(i.NVIC_Init)
    i.NVIC_PriorityGroupConfig               0x08001404   Section        0  misc.o(i.NVIC_PriorityGroupConfig)
    i.OSInit                                 0x08001418   Section        0  os_core.o(i.OSInit)
    i.OSInitHookBegin                        0x08001440   Section        0  os_cpu_c.o(i.OSInitHookBegin)
    i.OSInitHookEnd                          0x08001442   Section        0  os_cpu_c.o(i.OSInitHookEnd)
    i.OSIntEnter                             0x08001444   Section        0  os_core.o(i.OSIntEnter)
    i.OSIntExit                              0x08001468   Section        0  os_core.o(i.OSIntExit)
    i.OSStart                                0x080014f8   Section        0  os_core.o(i.OSStart)
    i.OSStatInit                             0x08001540   Section        0  os_core.o(i.OSStatInit)
    i.OSTCBInitHook                          0x0800158c   Section        0  os_cpu_c.o(i.OSTCBInitHook)
    i.OSTaskCreate                           0x08001598   Section        0  os_task.o(i.OSTaskCreate)
    i.OSTaskCreateExt                        0x0800163c   Section        0  os_task.o(i.OSTaskCreateExt)
    i.OSTaskCreateHook                       0x080016f4   Section        0  os_cpu_c.o(i.OSTaskCreateHook)
    i.OSTaskIdleHook                         0x08001700   Section        0  os_cpu_c.o(i.OSTaskIdleHook)
    i.OSTaskNameSet                          0x08001708   Section        0  os_task.o(i.OSTaskNameSet)
    i.OSTaskStatHook                         0x08001798   Section        0  os_cpu_c.o(i.OSTaskStatHook)
    i.OSTaskStkChk                           0x080017a0   Section        0  os_task.o(i.OSTaskStkChk)
    i.OSTaskStkInit                          0x0800182c   Section        0  os_cpu_c.o(i.OSTaskStkInit)
    i.OSTaskSuspend                          0x080018c8   Section        0  os_task.o(i.OSTaskSuspend)
    i.OSTaskSwHook                           0x08001970   Section        0  os_cpu_c.o(i.OSTaskSwHook)
    i.OSTimeDly                              0x08001978   Section        0  os_time.o(i.OSTimeDly)
    i.OSTimeDlyHMSM                          0x080019e8   Section        0  os_time.o(i.OSTimeDlyHMSM)
    i.OSTimeSet                              0x08001a58   Section        0  os_time.o(i.OSTimeSet)
    i.OSTimeTick                             0x08001a74   Section        0  os_core.o(i.OSTimeTick)
    i.OSTimeTickHook                         0x08001b60   Section        0  os_cpu_c.o(i.OSTimeTickHook)
    i.OSVersion                              0x08001b62   Section        0  os_core.o(i.OSVersion)
    i.OS_CPU_SysTickClkFreq                  0x08001b68   Section        0  bsp.o(i.OS_CPU_SysTickClkFreq)
    i.OS_CPU_SysTickInit                     0x08001b74   Section        0  os_cpu_c.o(i.OS_CPU_SysTickInit)
    i.OS_FlagInit                            0x08001ba0   Section        0  os_flag.o(i.OS_FlagInit)
    i.OS_InitEventList                       0x08001bec   Section        0  os_core.o(i.OS_InitEventList)
    OS_InitEventList                         0x08001bed   Thumb Code    70  os_core.o(i.OS_InitEventList)
    i.OS_InitMisc                            0x08001c3c   Section        0  os_core.o(i.OS_InitMisc)
    OS_InitMisc                              0x08001c3d   Thumb Code    44  os_core.o(i.OS_InitMisc)
    i.OS_InitRdyList                         0x08001c90   Section        0  os_core.o(i.OS_InitRdyList)
    OS_InitRdyList                           0x08001c91   Thumb Code    46  os_core.o(i.OS_InitRdyList)
    i.OS_InitTCBList                         0x08001cd8   Section        0  os_core.o(i.OS_InitTCBList)
    OS_InitTCBList                           0x08001cd9   Thumb Code    86  os_core.o(i.OS_InitTCBList)
    i.OS_InitTaskIdle                        0x08001d40   Section        0  os_core.o(i.OS_InitTaskIdle)
    OS_InitTaskIdle                          0x08001d41   Thumb Code    50  os_core.o(i.OS_InitTaskIdle)
    i.OS_InitTaskStat                        0x08001d90   Section        0  os_core.o(i.OS_InitTaskStat)
    OS_InitTaskStat                          0x08001d91   Thumb Code    50  os_core.o(i.OS_InitTaskStat)
    i.OS_MemClr                              0x08001de0   Section        0  os_core.o(i.OS_MemClr)
    i.OS_Sched                               0x08001df4   Section        0  os_core.o(i.OS_Sched)
    i.OS_SchedNew                            0x08001e68   Section        0  os_core.o(i.OS_SchedNew)
    OS_SchedNew                              0x08001e69   Thumb Code    26  os_core.o(i.OS_SchedNew)
    i.OS_StrCopy                             0x08001e94   Section        0  os_core.o(i.OS_StrCopy)
    i.OS_StrLen                              0x08001eb0   Section        0  os_core.o(i.OS_StrLen)
    i.OS_TCBInit                             0x08001ec4   Section        0  os_core.o(i.OS_TCBInit)
    i.OS_TaskIdle                            0x08001fe4   Section        0  os_core.o(i.OS_TaskIdle)
    i.OS_TaskStat                            0x08002008   Section        0  os_core.o(i.OS_TaskStat)
    i.OS_TaskStatStkChk                      0x08002090   Section        0  os_core.o(i.OS_TaskStatStkChk)
    i.OS_TaskStkClr                          0x080020cc   Section        0  os_task.o(i.OS_TaskStkClr)
    i.OneNet_FillBuf                         0x080020e8   Section        0  onenet.o(i.OneNet_FillBuf)
    i.OneNet_SendData                        0x080021c4   Section        0  onenet.o(i.OneNet_SendData)
    i.RCC_AHBPeriphClockCmd                  0x08002248   Section        0  stm32f10x_rcc.o(i.RCC_AHBPeriphClockCmd)
    i.RCC_APB1PeriphClockCmd                 0x08002268   Section        0  stm32f10x_rcc.o(i.RCC_APB1PeriphClockCmd)
    i.RCC_APB1PeriphResetCmd                 0x08002288   Section        0  stm32f10x_rcc.o(i.RCC_APB1PeriphResetCmd)
    i.RCC_APB2PeriphClockCmd                 0x080022a8   Section        0  stm32f10x_rcc.o(i.RCC_APB2PeriphClockCmd)
    i.RCC_APB2PeriphResetCmd                 0x080022c8   Section        0  stm32f10x_rcc.o(i.RCC_APB2PeriphResetCmd)
    i.RCC_Configuration                      0x080022e8   Section        0  bsp.o(i.RCC_Configuration)
    i.RCC_DeInit                             0x08002340   Section        0  stm32f10x_rcc.o(i.RCC_DeInit)
    i.RCC_GetClocksFreq                      0x0800238c   Section        0  stm32f10x_rcc.o(i.RCC_GetClocksFreq)
    i.RCC_GetFlagStatus                      0x08002460   Section        0  stm32f10x_rcc.o(i.RCC_GetFlagStatus)
    i.RCC_GetSYSCLKSource                    0x0800249c   Section        0  stm32f10x_rcc.o(i.RCC_GetSYSCLKSource)
    i.RCC_HCLKConfig                         0x080024ac   Section        0  stm32f10x_rcc.o(i.RCC_HCLKConfig)
    i.RCC_HSEConfig                          0x080024c4   Section        0  stm32f10x_rcc.o(i.RCC_HSEConfig)
    i.RCC_PCLK1Config                        0x08002510   Section        0  stm32f10x_rcc.o(i.RCC_PCLK1Config)
    i.RCC_PCLK2Config                        0x08002528   Section        0  stm32f10x_rcc.o(i.RCC_PCLK2Config)
    i.RCC_PLLCmd                             0x08002540   Section        0  stm32f10x_rcc.o(i.RCC_PLLCmd)
    i.RCC_PLLConfig                          0x0800254c   Section        0  stm32f10x_rcc.o(i.RCC_PLLConfig)
    i.RCC_SYSCLKConfig                       0x08002568   Section        0  stm32f10x_rcc.o(i.RCC_SYSCLKConfig)
    i.RCC_WaitForHSEStartUp                  0x08002580   Section        0  stm32f10x_rcc.o(i.RCC_WaitForHSEStartUp)
    i.SVC_Handler                            0x080025b8   Section        0  stm32f10x_it.o(i.SVC_Handler)
    i.SetSysClock                            0x080025ba   Section        0  system_stm32f10x.o(i.SetSysClock)
    SetSysClock                              0x080025bb   Thumb Code     8  system_stm32f10x.o(i.SetSysClock)
    i.SetSysClockTo72                        0x080025c4   Section        0  system_stm32f10x.o(i.SetSysClockTo72)
    SetSysClockTo72                          0x080025c5   Thumb Code   214  system_stm32f10x.o(i.SetSysClockTo72)
    i.SysTick_Handler                        0x080026a4   Section        0  os_cpu_c.o(i.SysTick_Handler)
    i.SystemInit                             0x080026cc   Section        0  system_stm32f10x.o(i.SystemInit)
    i.TIM4_IRQHandler                        0x0800272c   Section        0  usart2.o(i.TIM4_IRQHandler)
    i.TIM4_Init                              0x0800275c   Section        0  usart2.o(i.TIM4_Init)
    i.TIM4_Set                               0x080027b4   Section        0  usart2.o(i.TIM4_Set)
    i.TIM_ClearITPendingBit                  0x080027dc   Section        0  stm32f10x_tim.o(i.TIM_ClearITPendingBit)
    i.TIM_Cmd                                0x080027e2   Section        0  stm32f10x_tim.o(i.TIM_Cmd)
    i.TIM_GetITStatus                        0x080027fa   Section        0  stm32f10x_tim.o(i.TIM_GetITStatus)
    i.TIM_ITConfig                           0x0800281c   Section        0  stm32f10x_tim.o(i.TIM_ITConfig)
    i.TIM_SetCounter                         0x0800282e   Section        0  stm32f10x_tim.o(i.TIM_SetCounter)
    i.TIM_TimeBaseInit                       0x08002834   Section        0  stm32f10x_tim.o(i.TIM_TimeBaseInit)
    i.UART_DMA_Config                        0x080028d8   Section        0  usart2.o(i.UART_DMA_Config)
    i.UART_DMA_Enable                        0x08002920   Section        0  usart2.o(i.UART_DMA_Enable)
    i.USART1_IRQHandler                      0x08002940   Section        0  usart.o(i.USART1_IRQHandler)
    i.USART2_IRQHandler                      0x080029c8   Section        0  usart2.o(i.USART2_IRQHandler)
    i.USART2_Init                            0x08002a2c   Section        0  usart2.o(i.USART2_Init)
    i.USART3_IRQHandler                      0x08002b14   Section        0  usart3.o(i.USART3_IRQHandler)
    i.USART_Cmd                              0x08002b78   Section        0  stm32f10x_usart.o(i.USART_Cmd)
    i.USART_DMACmd                           0x08002b90   Section        0  stm32f10x_usart.o(i.USART_DMACmd)
    i.USART_DeInit                           0x08002ba4   Section        0  stm32f10x_usart.o(i.USART_DeInit)
    i.USART_GetITStatus                      0x08002c40   Section        0  stm32f10x_usart.o(i.USART_GetITStatus)
    i.USART_ITConfig                         0x08002c94   Section        0  stm32f10x_usart.o(i.USART_ITConfig)
    i.USART_Init                             0x08002ce0   Section        0  stm32f10x_usart.o(i.USART_Init)
    i.USART_ReceiveData                      0x08002db8   Section        0  stm32f10x_usart.o(i.USART_ReceiveData)
    i.UsageFault_Handler                     0x08002dc2   Section        0  stm32f10x_it.o(i.UsageFault_Handler)
    i.__0printf                              0x08002dc8   Section        0  printfa.o(i.__0printf)
    i.__0sprintf                             0x08002de8   Section        0  printfa.o(i.__0sprintf)
    i.__0vsprintf                            0x08002e10   Section        0  printfa.o(i.__0vsprintf)
    i.__scatterload_copy                     0x08002e34   Section       14  handlers.o(i.__scatterload_copy)
    i.__scatterload_null                     0x08002e42   Section        2  handlers.o(i.__scatterload_null)
    i.__scatterload_zeroinit                 0x08002e44   Section       14  handlers.o(i.__scatterload_zeroinit)
    i._fp_digits                             0x08002e54   Section        0  printfa.o(i._fp_digits)
    _fp_digits                               0x08002e55   Thumb Code   366  printfa.o(i._fp_digits)
    i._printf_core                           0x08002fd8   Section        0  printfa.o(i._printf_core)
    _printf_core                             0x08002fd9   Thumb Code  1744  printfa.o(i._printf_core)
    i._printf_post_padding                   0x080036b4   Section        0  printfa.o(i._printf_post_padding)
    _printf_post_padding                     0x080036b5   Thumb Code    36  printfa.o(i._printf_post_padding)
    i._printf_pre_padding                    0x080036d8   Section        0  printfa.o(i._printf_pre_padding)
    _printf_pre_padding                      0x080036d9   Thumb Code    46  printfa.o(i._printf_pre_padding)
    i._sputc                                 0x08003706   Section        0  printfa.o(i._sputc)
    _sputc                                   0x08003707   Thumb Code    10  printfa.o(i._sputc)
    i.fputc                                  0x08003710   Section        0  usart.o(i.fputc)
    i.gprs_check_cmd                         0x0800372c   Section        0  gprs.o(i.gprs_check_cmd)
    i.gprs_connet_server                     0x08003760   Section        0  gprs.o(i.gprs_connet_server)
    i.gprs_send_cmd                          0x08003850   Section        0  gprs.o(i.gprs_send_cmd)
    i.gprs_send_data                         0x080038d4   Section        0  gprs.o(i.gprs_send_data)
    i.gprs_test                              0x0800392c   Section        0  gprs.o(i.gprs_test)
    i.gprs_word_test                         0x08003a34   Section        0  gprs.o(i.gprs_word_test)
    i.gps_dma_config                         0x08003aec   Section        0  usart3.o(i.gps_dma_config)
    gps_dma_config                           0x08003aed   Thumb Code    94  usart3.o(i.gps_dma_config)
    i.gps_usart3_config                      0x08003b58   Section        0  usart3.o(i.gps_usart3_config)
    i.main                                   0x08003b68   Section        0  main.o(i.main)
    i.u2_printf                              0x08003be8   Section        0  usart2.o(i.u2_printf)
    i.uart_init                              0x08003c28   Section        0  usart.o(i.uart_init)
    i.usart3_init                            0x08003cc8   Section        0  usart3.o(i.usart3_init)
    usart3_init                              0x08003cc9   Thumb Code   182  usart3.o(i.usart3_init)
    .constdata                               0x08003d88   Section      256  os_core.o(.constdata)
    .conststring                             0x08003e88   Section      102  onenet.o(.conststring)
    .data                                    0x20000000   Section        6  usart.o(.data)
    .data                                    0x20000008   Section        4  usart3.o(.data)
    .data                                    0x2000000c   Section        2  usart2.o(.data)
    .data                                    0x2000000e   Section        4  gprs.o(.data)
    .data                                    0x20000014   Section        8  onenet.o(.data)
    .data                                    0x2000001c   Section       20  stm32f10x_rcc.o(.data)
    APBAHBPrescTable                         0x2000001c   Data          16  stm32f10x_rcc.o(.data)
    ADCPrescTable                            0x2000002c   Data           4  stm32f10x_rcc.o(.data)
    .data                                    0x20000030   Section       64  os_core.o(.data)
    .bss                                     0x20000070   Section     1536  main.o(.bss)
    App_TaskStartStk                         0x20000070   Data         512  main.o(.bss)
    App_SendOnenetStk                        0x20000270   Data        1024  main.o(.bss)
    .bss                                     0x20000670   Section      200  usart.o(.bss)
    .bss                                     0x20000738   Section     2000  usart3.o(.bss)
    .bss                                     0x20000f08   Section     2048  usart2.o(.bss)
    .bss                                     0x20001708   Section       84  gprs.o(.bss)
    .bss                                     0x2000175c   Section     2716  os_core.o(.bss)
    STACK                                    0x200021f8   Section     1024  startup_stm32f10x_hd.o(STACK)

    Global Symbols

    Symbol Name                              Value     Ov Type        Size  Object(Section)

    BuildAttributes$$THM_ISAv4$P$D$K$B$S$PE$A:L22UL41UL21$X:L11$S22US41US21$IEEE1$IW$USESV6$~STKCKD$USESV7$~SHL$OTIME$ROPI$EBA8$MICROLIB$REQ8$PRES8$EABIv2 0x00000000   Number         0  anon$$obj.o ABSOLUTE
    __ARM_use_no_argv                        0x00000000   Number         0  main.o ABSOLUTE
    __use_no_errno                           0x00000000   Number         0  useno.o ABSOLUTE
    __use_no_exception_handling              0x00000000   Number         0  useno.o ABSOLUTE
    __use_no_fp                              0x00000000   Number         0  useno.o ABSOLUTE
    __use_no_heap                            0x00000000   Number         0  useno.o ABSOLUTE
    __use_no_heap_region                     0x00000000   Number         0  useno.o ABSOLUTE
    __use_no_semihosting                     0x00000000   Number         0  useno.o ABSOLUTE
    __use_no_semihosting_swi                 0x00000000   Number         0  useno.o ABSOLUTE
    __use_no_signal_handling                 0x00000000   Number         0  useno.o ABSOLUTE
    _printf_a                                0x00000000   Number         0  stubs.o ABSOLUTE
    _printf_c                                0x00000000   Number         0  stubs.o ABSOLUTE
    _printf_charcount                        0x00000000   Number         0  stubs.o ABSOLUTE
    _printf_d                                0x00000000   Number         0  stubs.o ABSOLUTE
    _printf_e                                0x00000000   Number         0  stubs.o ABSOLUTE
    _printf_f                                0x00000000   Number         0  stubs.o ABSOLUTE
    _printf_flags                            0x00000000   Number         0  stubs.o ABSOLUTE
    _printf_fp_dec                           0x00000000   Number         0  stubs.o ABSOLUTE
    _printf_fp_hex                           0x00000000   Number         0  stubs.o ABSOLUTE
    _printf_g                                0x00000000   Number         0  stubs.o ABSOLUTE
    _printf_i                                0x00000000   Number         0  stubs.o ABSOLUTE
    _printf_int_dec                          0x00000000   Number         0  stubs.o ABSOLUTE
    _printf_l                                0x00000000   Number         0  stubs.o ABSOLUTE
    _printf_lc                               0x00000000   Number         0  stubs.o ABSOLUTE
    _printf_ll                               0x00000000   Number         0  stubs.o ABSOLUTE
    _printf_lld                              0x00000000   Number         0  stubs.o ABSOLUTE
    _printf_lli                              0x00000000   Number         0  stubs.o ABSOLUTE
    _printf_llo                              0x00000000   Number         0  stubs.o ABSOLUTE
    _printf_llu                              0x00000000   Number         0  stubs.o ABSOLUTE
    _printf_llx                              0x00000000   Number         0  stubs.o ABSOLUTE
    _printf_longlong_dec                     0x00000000   Number         0  stubs.o ABSOLUTE
    _printf_longlong_hex                     0x00000000   Number         0  stubs.o ABSOLUTE
    _printf_longlong_oct                     0x00000000   Number         0  stubs.o ABSOLUTE
    _printf_ls                               0x00000000   Number         0  stubs.o ABSOLUTE
    _printf_mbtowc                           0x00000000   Number         0  stubs.o ABSOLUTE
    _printf_n                                0x00000000   Number         0  stubs.o ABSOLUTE
    _printf_o                                0x00000000   Number         0  stubs.o ABSOLUTE
    _printf_p                                0x00000000   Number         0  stubs.o ABSOLUTE
    _printf_percent                          0x00000000   Number         0  stubs.o ABSOLUTE
    _printf_pre_padding                      0x00000000   Number         0  stubs.o ABSOLUTE
    _printf_return_value                     0x00000000   Number         0  stubs.o ABSOLUTE
    _printf_s                                0x00000000   Number         0  stubs.o ABSOLUTE
    _printf_sizespec                         0x00000000   Number         0  stubs.o ABSOLUTE
    _printf_str                              0x00000000   Number         0  stubs.o ABSOLUTE
    _printf_truncate_signed                  0x00000000   Number         0  stubs.o ABSOLUTE
    _printf_truncate_unsigned                0x00000000   Number         0  stubs.o ABSOLUTE
    _printf_u                                0x00000000   Number         0  stubs.o ABSOLUTE
    _printf_wc                               0x00000000   Number         0  stubs.o ABSOLUTE
    _printf_wctomb                           0x00000000   Number         0  stubs.o ABSOLUTE
    _printf_widthprec                        0x00000000   Number         0  stubs.o ABSOLUTE
    _printf_x                                0x00000000   Number         0  stubs.o ABSOLUTE
    __cpp_initialize__aeabi_                  - Undefined Weak Reference
    __cxa_finalize                            - Undefined Weak Reference
    __decompress                              - Undefined Weak Reference
    _clock_init                               - Undefined Weak Reference
    _microlib_exit                            - Undefined Weak Reference
    __Vectors_Size                           0x00000130   Number         0  startup_stm32f10x_hd.o ABSOLUTE
    __Vectors                                0x08000000   Data           4  startup_stm32f10x_hd.o(RESET)
    __Vectors_End                            0x08000130   Data           0  startup_stm32f10x_hd.o(RESET)
    __main                                   0x08000131   Thumb Code     0  entry.o(.ARM.Collect$$$$00000000)
    _main_stk                                0x08000131   Thumb Code     0  entry2.o(.ARM.Collect$$$$00000001)
    _main_scatterload                        0x08000135   Thumb Code     0  entry5.o(.ARM.Collect$$$$00000004)
    __main_after_scatterload                 0x08000139   Thumb Code     0  entry5.o(.ARM.Collect$$$$00000004)
    _main_clock                              0x08000139   Thumb Code     0  entry7b.o(.ARM.Collect$$$$00000008)
    _main_cpp_init                           0x08000139   Thumb Code     0  entry8b.o(.ARM.Collect$$$$0000000A)
    _main_init                               0x08000139   Thumb Code     0  entry9a.o(.ARM.Collect$$$$0000000B)
    __rt_final_cpp                           0x08000141   Thumb Code     0  entry10a.o(.ARM.Collect$$$$0000000D)
    __rt_final_exit                          0x08000141   Thumb Code     0  entry11a.o(.ARM.Collect$$$$0000000F)
    Reset_Handler                            0x08000145   Thumb Code     8  startup_stm32f10x_hd.o(.text)
    ADC1_2_IRQHandler                        0x0800015f   Thumb Code     0  startup_stm32f10x_hd.o(.text)
    ADC3_IRQHandler                          0x0800015f   Thumb Code     0  startup_stm32f10x_hd.o(.text)
    CAN1_RX1_IRQHandler                      0x0800015f   Thumb Code     0  startup_stm32f10x_hd.o(.text)
    CAN1_SCE_IRQHandler                      0x0800015f   Thumb Code     0  startup_stm32f10x_hd.o(.text)
    DMA1_Channel1_IRQHandler                 0x0800015f   Thumb Code     0  startup_stm32f10x_hd.o(.text)
    DMA1_Channel2_IRQHandler                 0x0800015f   Thumb Code     0  startup_stm32f10x_hd.o(.text)
    DMA1_Channel3_IRQHandler                 0x0800015f   Thumb Code     0  startup_stm32f10x_hd.o(.text)
    DMA1_Channel4_IRQHandler                 0x0800015f   Thumb Code     0  startup_stm32f10x_hd.o(.text)
    DMA1_Channel5_IRQHandler                 0x0800015f   Thumb Code     0  startup_stm32f10x_hd.o(.text)
    DMA1_Channel6_IRQHandler                 0x0800015f   Thumb Code     0  startup_stm32f10x_hd.o(.text)
    DMA1_Channel7_IRQHandler                 0x0800015f   Thumb Code     0  startup_stm32f10x_hd.o(.text)
    DMA2_Channel1_IRQHandler                 0x0800015f   Thumb Code     0  startup_stm32f10x_hd.o(.text)
    DMA2_Channel2_IRQHandler                 0x0800015f   Thumb Code     0  startup_stm32f10x_hd.o(.text)
    DMA2_Channel3_IRQHandler                 0x0800015f   Thumb Code     0  startup_stm32f10x_hd.o(.text)
    DMA2_Channel4_5_IRQHandler               0x0800015f   Thumb Code     0  startup_stm32f10x_hd.o(.text)
    EXTI0_IRQHandler                         0x0800015f   Thumb Code     0  startup_stm32f10x_hd.o(.text)
    EXTI15_10_IRQHandler                     0x0800015f   Thumb Code     0  startup_stm32f10x_hd.o(.text)
    EXTI1_IRQHandler                         0x0800015f   Thumb Code     0  startup_stm32f10x_hd.o(.text)
    EXTI2_IRQHandler                         0x0800015f   Thumb Code     0  startup_stm32f10x_hd.o(.text)
    EXTI3_IRQHandler                         0x0800015f   Thumb Code     0  startup_stm32f10x_hd.o(.text)
    EXTI4_IRQHandler                         0x0800015f   Thumb Code     0  startup_stm32f10x_hd.o(.text)
    EXTI9_5_IRQHandler                       0x0800015f   Thumb Code     0  startup_stm32f10x_hd.o(.text)
    FLASH_IRQHandler                         0x0800015f   Thumb Code     0  startup_stm32f10x_hd.o(.text)
    FSMC_IRQHandler                          0x0800015f   Thumb Code     0  startup_stm32f10x_hd.o(.text)
    I2C1_ER_IRQHandler                       0x0800015f   Thumb Code     0  startup_stm32f10x_hd.o(.text)
    I2C1_EV_IRQHandler                       0x0800015f   Thumb Code     0  startup_stm32f10x_hd.o(.text)
    I2C2_ER_IRQHandler                       0x0800015f   Thumb Code     0  startup_stm32f10x_hd.o(.text)
    I2C2_EV_IRQHandler                       0x0800015f   Thumb Code     0  startup_stm32f10x_hd.o(.text)
    PVD_IRQHandler                           0x0800015f   Thumb Code     0  startup_stm32f10x_hd.o(.text)
    RCC_IRQHandler                           0x0800015f   Thumb Code     0  startup_stm32f10x_hd.o(.text)
    RTCAlarm_IRQHandler                      0x0800015f   Thumb Code     0  startup_stm32f10x_hd.o(.text)
    RTC_IRQHandler                           0x0800015f   Thumb Code     0  startup_stm32f10x_hd.o(.text)
    SDIO_IRQHandler                          0x0800015f   Thumb Code     0  startup_stm32f10x_hd.o(.text)
    SPI1_IRQHandler                          0x0800015f   Thumb Code     0  startup_stm32f10x_hd.o(.text)
    SPI2_IRQHandler                          0x0800015f   Thumb Code     0  startup_stm32f10x_hd.o(.text)
    SPI3_IRQHandler                          0x0800015f   Thumb Code     0  startup_stm32f10x_hd.o(.text)
    TAMPER_IRQHandler                        0x0800015f   Thumb Code     0  startup_stm32f10x_hd.o(.text)
    TIM1_BRK_IRQHandler                      0x0800015f   Thumb Code     0  startup_stm32f10x_hd.o(.text)
    TIM1_CC_IRQHandler                       0x0800015f   Thumb Code     0  startup_stm32f10x_hd.o(.text)
    TIM1_TRG_COM_IRQHandler                  0x0800015f   Thumb Code     0  startup_stm32f10x_hd.o(.text)
    TIM1_UP_IRQHandler                       0x0800015f   Thumb Code     0  startup_stm32f10x_hd.o(.text)
    TIM2_IRQHandler                          0x0800015f   Thumb Code     0  startup_stm32f10x_hd.o(.text)
    TIM3_IRQHandler                          0x0800015f   Thumb Code     0  startup_stm32f10x_hd.o(.text)
    TIM5_IRQHandler                          0x0800015f   Thumb Code     0  startup_stm32f10x_hd.o(.text)
    TIM6_IRQHandler                          0x0800015f   Thumb Code     0  startup_stm32f10x_hd.o(.text)
    TIM7_IRQHandler                          0x0800015f   Thumb Code     0  startup_stm32f10x_hd.o(.text)
    TIM8_BRK_IRQHandler                      0x0800015f   Thumb Code     0  startup_stm32f10x_hd.o(.text)
    TIM8_CC_IRQHandler                       0x0800015f   Thumb Code     0  startup_stm32f10x_hd.o(.text)
    TIM8_TRG_COM_IRQHandler                  0x0800015f   Thumb Code     0  startup_stm32f10x_hd.o(.text)
    TIM8_UP_IRQHandler                       0x0800015f   Thumb Code     0  startup_stm32f10x_hd.o(.text)
    UART4_IRQHandler                         0x0800015f   Thumb Code     0  startup_stm32f10x_hd.o(.text)
    UART5_IRQHandler                         0x0800015f   Thumb Code     0  startup_stm32f10x_hd.o(.text)
    USBWakeUp_IRQHandler                     0x0800015f   Thumb Code     0  startup_stm32f10x_hd.o(.text)
    USB_HP_CAN1_TX_IRQHandler                0x0800015f   Thumb Code     0  startup_stm32f10x_hd.o(.text)
    USB_LP_CAN1_RX0_IRQHandler               0x0800015f   Thumb Code     0  startup_stm32f10x_hd.o(.text)
    WWDG_IRQHandler                          0x0800015f   Thumb Code     0  startup_stm32f10x_hd.o(.text)
    CPU_IntDis                               0x08000169   Thumb Code     0  cpu_a.o(.text)
    CPU_IntEn                                0x0800016d   Thumb Code     0  cpu_a.o(.text)
    CPU_SR_Save                              0x08000171   Thumb Code     0  cpu_a.o(.text)
    CPU_SR_Restore                           0x08000179   Thumb Code     0  cpu_a.o(.text)
    CPU_CntLeadZeros                         0x0800017f   Thumb Code     0  cpu_a.o(.text)
    CPU_RevBits                              0x08000185   Thumb Code     0  cpu_a.o(.text)
    CPU_WaitForInt                           0x0800018b   Thumb Code     0  cpu_a.o(.text)
    CPU_WaitForExcept                        0x0800018f   Thumb Code     0  cpu_a.o(.text)
    OS_CPU_SR_Save                           0x08000195   Thumb Code     0  os_cpu_a.o(.text)
    OS_CPU_SR_Restore                        0x0800019d   Thumb Code     0  os_cpu_a.o(.text)
    OSStartHighRdy                           0x080001a3   Thumb Code     0  os_cpu_a.o(.text)
    OSCtxSw                                  0x080001c3   Thumb Code     0  os_cpu_a.o(.text)
    OSIntCtxSw                               0x080001cd   Thumb Code     0  os_cpu_a.o(.text)
    PendSV_Handler                           0x080001d7   Thumb Code     0  os_cpu_a.o(.text)
    __aeabi_memset                           0x08000239   Thumb Code    14  memseta.o(.text)
    __aeabi_memset4                          0x08000239   Thumb Code     0  memseta.o(.text)
    __aeabi_memset8                          0x08000239   Thumb Code     0  memseta.o(.text)
    __aeabi_memclr                           0x08000247   Thumb Code     4  memseta.o(.text)
    __aeabi_memclr4                          0x08000247   Thumb Code     0  memseta.o(.text)
    __aeabi_memclr8                          0x08000247   Thumb Code     0  memseta.o(.text)
    _memset$wrapper                          0x0800024b   Thumb Code    18  memseta.o(.text)
    strcat                                   0x0800025d   Thumb Code    24  strcat.o(.text)
    strstr                                   0x08000275   Thumb Code    36  strstr.o(.text)
    strlen                                   0x08000299   Thumb Code    14  strlen.o(.text)
    __aeabi_fadd                             0x080002a7   Thumb Code   164  fadd.o(.text)
    __aeabi_fsub                             0x0800034b   Thumb Code     6  fadd.o(.text)
    __aeabi_frsub                            0x08000351   Thumb Code     6  fadd.o(.text)
    __aeabi_fdiv                             0x08000357   Thumb Code   124  fdiv.o(.text)
    __aeabi_ui2f                             0x080003d3   Thumb Code    10  ffltui.o(.text)
    __aeabi_f2uiz                            0x080003dd   Thumb Code    40  ffixui.o(.text)
    __aeabi_f2d                              0x08000405   Thumb Code    38  f2d.o(.text)
    __aeabi_uidiv                            0x0800042b   Thumb Code     0  uidiv.o(.text)
    __aeabi_uidivmod                         0x0800042b   Thumb Code    44  uidiv.o(.text)
    __aeabi_uldivmod                         0x08000457   Thumb Code    98  uldiv.o(.text)
    __I$use$fp                               0x080004b9   Thumb Code     0  iusefp.o(.text)
    _float_round                             0x080004b9   Thumb Code    18  fepilogue.o(.text)
    _float_epilogue                          0x080004cb   Thumb Code    92  fepilogue.o(.text)
    __aeabi_dadd                             0x08000527   Thumb Code   322  dadd.o(.text)
    __aeabi_dsub                             0x08000669   Thumb Code     6  dadd.o(.text)
    __aeabi_drsub                            0x0800066f   Thumb Code     6  dadd.o(.text)
    __aeabi_dmul                             0x08000675   Thumb Code   228  dmul.o(.text)
    __aeabi_ddiv                             0x08000759   Thumb Code   222  ddiv.o(.text)
    __aeabi_d2ulz                            0x08000837   Thumb Code    48  dfixul.o(.text)
    __aeabi_cdrcmple                         0x08000869   Thumb Code    48  cdrcmple.o(.text)
    __scatterload                            0x08000899   Thumb Code    28  init.o(.text)
    __scatterload_rt2                        0x08000899   Thumb Code     0  init.o(.text)
    __aeabi_llsl                             0x080008bd   Thumb Code    30  llshl.o(.text)
    _ll_shift_l                              0x080008bd   Thumb Code     0  llshl.o(.text)
    __aeabi_llsr                             0x080008db   Thumb Code    32  llushr.o(.text)
    _ll_ushift_r                             0x080008db   Thumb Code     0  llushr.o(.text)
    __aeabi_lasr                             0x080008fb   Thumb Code    36  llsshr.o(.text)
    _ll_sshift_r                             0x080008fb   Thumb Code     0  llsshr.o(.text)
    _double_round                            0x0800091f   Thumb Code    30  depilogue.o(.text)
    _double_epilogue                         0x0800093d   Thumb Code   156  depilogue.o(.text)
    App_TCBInitHook                          0x08000b99   Thumb Code     2  main.o(i.App_TCBInitHook)
    App_TaskCreateHook                       0x08000b9b   Thumb Code     2  main.o(i.App_TaskCreateHook)
    App_TaskIdleHook                         0x08000b9d   Thumb Code     2  main.o(i.App_TaskIdleHook)
    App_TaskStatHook                         0x08000c19   Thumb Code     2  main.o(i.App_TaskStatHook)
    App_TaskSwHook                           0x08000c1b   Thumb Code     2  main.o(i.App_TaskSwHook)
    BSP_CPU_ClkFreq                          0x08000c1d   Thumb Code    16  bsp.o(i.BSP_CPU_ClkFreq)
    BSP_Init                                 0x08000c2d   Thumb Code    36  bsp.o(i.BSP_Init)
    BusFault_Handler                         0x08000c51   Thumb Code     4  stm32f10x_it.o(i.BusFault_Handler)
    DMA_Cmd                                  0x08000c55   Thumb Code    24  stm32f10x_dma.o(i.DMA_Cmd)
    DMA_DeInit                               0x08000c6d   Thumb Code   324  stm32f10x_dma.o(i.DMA_DeInit)
    DMA_Init                                 0x08000db9   Thumb Code    60  stm32f10x_dma.o(i.DMA_Init)
    DMA_SetCurrDataCounter                   0x08000df5   Thumb Code     4  stm32f10x_dma.o(i.DMA_SetCurrDataCounter)
    DebugMon_Handler                         0x08000df9   Thumb Code     2  stm32f10x_it.o(i.DebugMon_Handler)
    GPIO_Configuration                       0x08000dfd   Thumb Code    40  bsp.o(i.GPIO_Configuration)
    GPIO_Init                                0x08000e29   Thumb Code   278  stm32f10x_gpio.o(i.GPIO_Init)
    GPS_Analysis                             0x08000f41   Thumb Code   472  gps.o(i.GPS_Analysis)
    Gps_Msg_Show                             0x08001125   Thumb Code   152  gprs.o(i.Gps_Msg_Show)
    HardFault_Handler                        0x08001239   Thumb Code     4  stm32f10x_it.o(i.HardFault_Handler)
    MemManage_Handler                        0x0800123d   Thumb Code     4  stm32f10x_it.o(i.MemManage_Handler)
    NMEA_Comma_Pos                           0x08001241   Thumb Code    50  gps.o(i.NMEA_Comma_Pos)
    NMEA_Pow                                 0x08001273   Thumb Code    22  gps.o(i.NMEA_Pow)
    NMEA_Str2num                             0x08001289   Thumb Code   252  gps.o(i.NMEA_Str2num)
    NMI_Handler                              0x08001391   Thumb Code     2  stm32f10x_it.o(i.NMI_Handler)
    NVIC_Configuration                       0x08001393   Thumb Code     2  bsp.o(i.NVIC_Configuration)
    NVIC_Init                                0x08001395   Thumb Code   100  misc.o(i.NVIC_Init)
    NVIC_PriorityGroupConfig                 0x08001405   Thumb Code    10  misc.o(i.NVIC_PriorityGroupConfig)
    OSInit                                   0x08001419   Thumb Code    40  os_core.o(i.OSInit)
    OSInitHookBegin                          0x08001441   Thumb Code     2  os_cpu_c.o(i.OSInitHookBegin)
    OSInitHookEnd                            0x08001443   Thumb Code     2  os_cpu_c.o(i.OSInitHookEnd)
    OSIntEnter                               0x08001445   Thumb Code    28  os_core.o(i.OSIntEnter)
    OSIntExit                                0x08001469   Thumb Code   112  os_core.o(i.OSIntExit)
    OSStart                                  0x080014f9   Thumb Code    48  os_core.o(i.OSStart)
    OSStatInit                               0x08001541   Thumb Code    62  os_core.o(i.OSStatInit)
    OSTCBInitHook                            0x0800158d   Thumb Code    12  os_cpu_c.o(i.OSTCBInitHook)
    OSTaskCreate                             0x08001599   Thumb Code   150  os_task.o(i.OSTaskCreate)
    OSTaskCreateExt                          0x0800163d   Thumb Code   172  os_task.o(i.OSTaskCreateExt)
    OSTaskCreateHook                         0x080016f5   Thumb Code    12  os_cpu_c.o(i.OSTaskCreateHook)
    OSTaskIdleHook                           0x08001701   Thumb Code     8  os_cpu_c.o(i.OSTaskIdleHook)
    OSTaskNameSet                            0x08001709   Thumb Code   132  os_task.o(i.OSTaskNameSet)
    OSTaskStatHook                           0x08001799   Thumb Code     8  os_cpu_c.o(i.OSTaskStatHook)
    OSTaskStkChk                             0x080017a1   Thumb Code   132  os_task.o(i.OSTaskStkChk)
    OSTaskStkInit                            0x0800182d   Thumb Code   154  os_cpu_c.o(i.OSTaskStkInit)
    OSTaskSuspend                            0x080018c9   Thumb Code   152  os_task.o(i.OSTaskSuspend)
    OSTaskSwHook                             0x08001971   Thumb Code     8  os_cpu_c.o(i.OSTaskSwHook)
    OSTimeDly                                0x08001979   Thumb Code    96  os_time.o(i.OSTimeDly)
    OSTimeDlyHMSM                            0x080019e9   Thumb Code   108  os_time.o(i.OSTimeDlyHMSM)
    OSTimeSet                                0x08001a59   Thumb Code    24  os_time.o(i.OSTimeSet)
    OSTimeTick                               0x08001a75   Thumb Code   210  os_core.o(i.OSTimeTick)
    OSTimeTickHook                           0x08001b61   Thumb Code     2  os_cpu_c.o(i.OSTimeTickHook)
    OSVersion                                0x08001b63   Thumb Code     6  os_core.o(i.OSVersion)
    OS_CPU_SysTickClkFreq                    0x08001b69   Thumb Code    12  bsp.o(i.OS_CPU_SysTickClkFreq)
    OS_CPU_SysTickInit                       0x08001b75   Thumb Code    44  os_cpu_c.o(i.OS_CPU_SysTickInit)
    OS_FlagInit                              0x08001ba1   Thumb Code    68  os_flag.o(i.OS_FlagInit)
    OS_MemClr                                0x08001de1   Thumb Code    18  os_core.o(i.OS_MemClr)
    OS_Sched                                 0x08001df5   Thumb Code    86  os_core.o(i.OS_Sched)
    OS_StrCopy                               0x08001e95   Thumb Code    28  os_core.o(i.OS_StrCopy)
    OS_StrLen                                0x08001eb1   Thumb Code    20  os_core.o(i.OS_StrLen)
    OS_TCBInit                               0x08001ec5   Thumb Code   264  os_core.o(i.OS_TCBInit)
    OS_TaskIdle                              0x08001fe5   Thumb Code    32  os_core.o(i.OS_TaskIdle)
    OS_TaskStat                              0x08002009   Thumb Code   114  os_core.o(i.OS_TaskStat)
    OS_TaskStatStkChk                        0x08002091   Thumb Code    54  os_core.o(i.OS_TaskStatStkChk)
    OS_TaskStkClr                            0x080020cd   Thumb Code    26  os_task.o(i.OS_TaskStkClr)
    OneNet_FillBuf                           0x080020e9   Thumb Code   130  onenet.o(i.OneNet_FillBuf)
    OneNet_SendData                          0x080021c5   Thumb Code    56  onenet.o(i.OneNet_SendData)
    RCC_AHBPeriphClockCmd                    0x08002249   Thumb Code    26  stm32f10x_rcc.o(i.RCC_AHBPeriphClockCmd)
    RCC_APB1PeriphClockCmd                   0x08002269   Thumb Code    26  stm32f10x_rcc.o(i.RCC_APB1PeriphClockCmd)
    RCC_APB1PeriphResetCmd                   0x08002289   Thumb Code    26  stm32f10x_rcc.o(i.RCC_APB1PeriphResetCmd)
    RCC_APB2PeriphClockCmd                   0x080022a9   Thumb Code    26  stm32f10x_rcc.o(i.RCC_APB2PeriphClockCmd)
    RCC_APB2PeriphResetCmd                   0x080022c9   Thumb Code    26  stm32f10x_rcc.o(i.RCC_APB2PeriphResetCmd)
    RCC_Configuration                        0x080022e9   Thumb Code    88  bsp.o(i.RCC_Configuration)
    RCC_DeInit                               0x08002341   Thumb Code    64  stm32f10x_rcc.o(i.RCC_DeInit)
    RCC_GetClocksFreq                        0x0800238d   Thumb Code   192  stm32f10x_rcc.o(i.RCC_GetClocksFreq)
    RCC_GetFlagStatus                        0x08002461   Thumb Code    56  stm32f10x_rcc.o(i.RCC_GetFlagStatus)
    RCC_GetSYSCLKSource                      0x0800249d   Thumb Code    10  stm32f10x_rcc.o(i.RCC_GetSYSCLKSource)
    RCC_HCLKConfig                           0x080024ad   Thumb Code    18  stm32f10x_rcc.o(i.RCC_HCLKConfig)
    RCC_HSEConfig                            0x080024c5   Thumb Code    70  stm32f10x_rcc.o(i.RCC_HSEConfig)
    RCC_PCLK1Config                          0x08002511   Thumb Code    18  stm32f10x_rcc.o(i.RCC_PCLK1Config)
    RCC_PCLK2Config                          0x08002529   Thumb Code    20  stm32f10x_rcc.o(i.RCC_PCLK2Config)
    RCC_PLLCmd                               0x08002541   Thumb Code     6  stm32f10x_rcc.o(i.RCC_PLLCmd)
    RCC_PLLConfig                            0x0800254d   Thumb Code    24  stm32f10x_rcc.o(i.RCC_PLLConfig)
    RCC_SYSCLKConfig                         0x08002569   Thumb Code    18  stm32f10x_rcc.o(i.RCC_SYSCLKConfig)
    RCC_WaitForHSEStartUp                    0x08002581   Thumb Code    56  stm32f10x_rcc.o(i.RCC_WaitForHSEStartUp)
    SVC_Handler                              0x080025b9   Thumb Code     2  stm32f10x_it.o(i.SVC_Handler)
    SysTick_Handler                          0x080026a5   Thumb Code    34  os_cpu_c.o(i.SysTick_Handler)
    SystemInit                               0x080026cd   Thumb Code    78  system_stm32f10x.o(i.SystemInit)
    TIM4_IRQHandler                          0x0800272d   Thumb Code    40  usart2.o(i.TIM4_IRQHandler)
    TIM4_Init                                0x0800275d   Thumb Code    82  usart2.o(i.TIM4_Init)
    TIM4_Set                                 0x080027b5   Thumb Code    34  usart2.o(i.TIM4_Set)
    TIM_ClearITPendingBit                    0x080027dd   Thumb Code     6  stm32f10x_tim.o(i.TIM_ClearITPendingBit)
    TIM_Cmd                                  0x080027e3   Thumb Code    24  stm32f10x_tim.o(i.TIM_Cmd)
    TIM_GetITStatus                          0x080027fb   Thumb Code    34  stm32f10x_tim.o(i.TIM_GetITStatus)
    TIM_ITConfig                             0x0800281d   Thumb Code    18  stm32f10x_tim.o(i.TIM_ITConfig)
    TIM_SetCounter                           0x0800282f   Thumb Code     4  stm32f10x_tim.o(i.TIM_SetCounter)
    TIM_TimeBaseInit                         0x08002835   Thumb Code   122  stm32f10x_tim.o(i.TIM_TimeBaseInit)
    UART_DMA_Config                          0x080028d9   Thumb Code    72  usart2.o(i.UART_DMA_Config)
    UART_DMA_Enable                          0x08002921   Thumb Code    32  usart2.o(i.UART_DMA_Enable)
    USART1_IRQHandler                        0x08002941   Thumb Code   122  usart.o(i.USART1_IRQHandler)
    USART2_IRQHandler                        0x080029c9   Thumb Code    84  usart2.o(i.USART2_IRQHandler)
    USART2_Init                              0x08002a2d   Thumb Code   212  usart2.o(i.USART2_Init)
    USART3_IRQHandler                        0x08002b15   Thumb Code    84  usart3.o(i.USART3_IRQHandler)
    USART_Cmd                                0x08002b79   Thumb Code    24  stm32f10x_usart.o(i.USART_Cmd)
    USART_DMACmd                             0x08002b91   Thumb Code    18  stm32f10x_usart.o(i.USART_DMACmd)
    USART_DeInit                             0x08002ba5   Thumb Code   134  stm32f10x_usart.o(i.USART_DeInit)
    USART_GetITStatus                        0x08002c41   Thumb Code    84  stm32f10x_usart.o(i.USART_GetITStatus)
    USART_ITConfig                           0x08002c95   Thumb Code    74  stm32f10x_usart.o(i.USART_ITConfig)
    USART_Init                               0x08002ce1   Thumb Code   210  stm32f10x_usart.o(i.USART_Init)
    USART_ReceiveData                        0x08002db9   Thumb Code    10  stm32f10x_usart.o(i.USART_ReceiveData)
    UsageFault_Handler                       0x08002dc3   Thumb Code     4  stm32f10x_it.o(i.UsageFault_Handler)
    __0printf                                0x08002dc9   Thumb Code    22  printfa.o(i.__0printf)
    __1printf                                0x08002dc9   Thumb Code     0  printfa.o(i.__0printf)
    __2printf                                0x08002dc9   Thumb Code     0  printfa.o(i.__0printf)
    __c89printf                              0x08002dc9   Thumb Code     0  printfa.o(i.__0printf)
    printf                                   0x08002dc9   Thumb Code     0  printfa.o(i.__0printf)
    __0sprintf                               0x08002de9   Thumb Code    34  printfa.o(i.__0sprintf)
    __1sprintf                               0x08002de9   Thumb Code     0  printfa.o(i.__0sprintf)
    __2sprintf                               0x08002de9   Thumb Code     0  printfa.o(i.__0sprintf)
    __c89sprintf                             0x08002de9   Thumb Code     0  printfa.o(i.__0sprintf)
    sprintf                                  0x08002de9   Thumb Code     0  printfa.o(i.__0sprintf)
    __0vsprintf                              0x08002e11   Thumb Code    30  printfa.o(i.__0vsprintf)
    __1vsprintf                              0x08002e11   Thumb Code     0  printfa.o(i.__0vsprintf)
    __2vsprintf                              0x08002e11   Thumb Code     0  printfa.o(i.__0vsprintf)
    __c89vsprintf                            0x08002e11   Thumb Code     0  printfa.o(i.__0vsprintf)
    vsprintf                                 0x08002e11   Thumb Code     0  printfa.o(i.__0vsprintf)
    __scatterload_copy                       0x08002e35   Thumb Code    14  handlers.o(i.__scatterload_copy)
    __scatterload_null                       0x08002e43   Thumb Code     2  handlers.o(i.__scatterload_null)
    __scatterload_zeroinit                   0x08002e45   Thumb Code    14  handlers.o(i.__scatterload_zeroinit)
    fputc                                    0x08003711   Thumb Code    24  usart.o(i.fputc)
    gprs_check_cmd                           0x0800372d   Thumb Code    44  gprs.o(i.gprs_check_cmd)
    gprs_connet_server                       0x08003761   Thumb Code   122  gprs.o(i.gprs_connet_server)
    gprs_send_cmd                            0x08003851   Thumb Code   110  gprs.o(i.gprs_send_cmd)
    gprs_send_data                           0x080038d5   Thumb Code    58  gprs.o(i.gprs_send_data)
    gprs_test                                0x0800392d   Thumb Code   122  gprs.o(i.gprs_test)
    gprs_word_test                           0x08003a35   Thumb Code    94  gprs.o(i.gprs_word_test)
    gps_usart3_config                        0x08003b59   Thumb Code    16  usart3.o(i.gps_usart3_config)
    main                                     0x08003b69   Thumb Code    68  main.o(i.main)
    u2_printf                                0x08003be9   Thumb Code    56  usart2.o(i.u2_printf)
    uart_init                                0x08003c29   Thumb Code   152  usart.o(i.uart_init)
    OSUnMapTbl                               0x08003d88   Data         256  os_core.o(.constdata)
    Region$$Table$$Base                      0x08003ef0   Number         0  anon$$obj.o(Region$$Table)
    Region$$Table$$Limit                     0x08003f10   Number         0  anon$$obj.o(Region$$Table)
    __stdout                                 0x20000000   Data           4  usart.o(.data)
    USART_RX_STA                             0x20000004   Data           2  usart.o(.data)
    flag_gps                                 0x20000008   Data           4  usart3.o(.data)
    USART2_RX_STA                            0x2000000c   Data           2  usart2.o(.data)
    GPRS_CSQ                                 0x2000000e   Data           3  gprs.o(.data)
    Flag_send_message                        0x20000011   Data           1  gprs.o(.data)
    lon                                      0x20000014   Data           4  onenet.o(.data)
    lat                                      0x20000018   Data           4  onenet.o(.data)
    OSCtxSwCtr                               0x20000030   Data           4  os_core.o(.data)
    OSEventFreeList                          0x20000034   Data           4  os_core.o(.data)
    OSFlagFreeList                           0x20000038   Data           4  os_core.o(.data)
    OSCPUUsage                               0x2000003c   Data           1  os_core.o(.data)
    OSIdleCtrMax                             0x20000040   Data           4  os_core.o(.data)
    OSIdleCtrRun                             0x20000044   Data           4  os_core.o(.data)
    OSStatRdy                                0x20000048   Data           1  os_core.o(.data)
    OSIntNesting                             0x20000049   Data           1  os_core.o(.data)
    OSLockNesting                            0x2000004a   Data           1  os_core.o(.data)
    OSPrioCur                                0x2000004b   Data           1  os_core.o(.data)
    OSPrioHighRdy                            0x2000004c   Data           1  os_core.o(.data)
    OSRdyGrp                                 0x2000004d   Data           1  os_core.o(.data)
    OSRdyTbl                                 0x2000004e   Data           4  os_core.o(.data)
    OSRunning                                0x20000052   Data           1  os_core.o(.data)
    OSTaskCtr                                0x20000053   Data           1  os_core.o(.data)
    OSIdleCtr                                0x20000054   Data           4  os_core.o(.data)
    OSTCBCur                                 0x20000058   Data           4  os_core.o(.data)
    OSTCBFreeList                            0x2000005c   Data           4  os_core.o(.data)
    OSTCBHighRdy                             0x20000060   Data           4  os_core.o(.data)
    OSTCBList                                0x20000064   Data           4  os_core.o(.data)
    OSTickStepState                          0x20000068   Data           1  os_core.o(.data)
    OSTime                                   0x2000006c   Data           4  os_core.o(.data)
    USART_RX_BUF                             0x20000670   Data         200  usart.o(.bss)
    gps_rbuff                                0x20000738   Data        2000  usart3.o(.bss)
    USART2_TX_BUF                            0x20000f08   Data        1024  usart2.o(.bss)
    USART2_RX_BUF                            0x20001308   Data        1024  usart2.o(.bss)
    dtbuf                                    0x20001708   Data          50  gprs.o(.bss)
    gpsx                                     0x2000173c   Data          32  gprs.o(.bss)
    OSEventTbl                               0x2000175c   Data         320  os_core.o(.bss)
    OSFlagTbl                                0x2000189c   Data         140  os_core.o(.bss)
    OSTaskStatStk                            0x20001928   Data         512  os_core.o(.bss)
    OSTaskIdleStk                            0x20001b28   Data         512  os_core.o(.bss)
    OSTCBPrioTbl                             0x20001d28   Data         128  os_core.o(.bss)
    OSTCBTbl                                 0x20001da8   Data        1104  os_core.o(.bss)
    __initial_sp                             0x200025f8   Data           0  startup_stm32f10x_hd.o(STACK)



==============================================================================

Memory Map of the image

  Image Entry point : 0x08000131

  Load Region LR_IROM1 (Base: 0x08000000, Size: 0x00003f80, Max: 0x00080000, ABSOLUTE)

    Execution Region ER_IROM1 (Base: 0x08000000, Size: 0x00003f10, Max: 0x00080000, ABSOLUTE)

    Base Addr    Size         Type   Attr      Idx    E Section Name        Object

    0x08000000   0x00000130   Data   RO          670    RESET               startup_stm32f10x_hd.o
    0x08000130   0x00000000   Code   RO         3826  * .ARM.Collect$$$$00000000  mc_w.l(entry.o)
    0x08000130   0x00000004   Code   RO         4108    .ARM.Collect$$$$00000001  mc_w.l(entry2.o)
    0x08000134   0x00000004   Code   RO         4111    .ARM.Collect$$$$00000004  mc_w.l(entry5.o)
    0x08000138   0x00000000   Code   RO         4113    .ARM.Collect$$$$00000008  mc_w.l(entry7b.o)
    0x08000138   0x00000000   Code   RO         4115    .ARM.Collect$$$$0000000A  mc_w.l(entry8b.o)
    0x08000138   0x00000008   Code   RO         4116    .ARM.Collect$$$$0000000B  mc_w.l(entry9a.o)
    0x08000140   0x00000000   Code   RO         4118    .ARM.Collect$$$$0000000D  mc_w.l(entry10a.o)
    0x08000140   0x00000000   Code   RO         4120    .ARM.Collect$$$$0000000F  mc_w.l(entry11a.o)
    0x08000140   0x00000004   Code   RO         4109    .ARM.Collect$$$$00002712  mc_w.l(entry2.o)
    0x08000144   0x00000024   Code   RO          671    .text               startup_stm32f10x_hd.o
    0x08000168   0x0000002a   Code   RO         2974    .text               cpu_a.o
    0x08000192   0x00000002   PAD
    0x08000194   0x000000a4   Code   RO         3716    .text               os_cpu_a.o
    0x08000238   0x00000024   Code   RO         3829    .text               mc_w.l(memseta.o)
    0x0800025c   0x00000018   Code   RO         3831    .text               mc_w.l(strcat.o)
    0x08000274   0x00000024   Code   RO         3833    .text               mc_w.l(strstr.o)
    0x08000298   0x0000000e   Code   RO         3835    .text               mc_w.l(strlen.o)
    0x080002a6   0x000000b0   Code   RO         4098    .text               mf_w.l(fadd.o)
    0x08000356   0x0000007c   Code   RO         4100    .text               mf_w.l(fdiv.o)
    0x080003d2   0x0000000a   Code   RO         4102    .text               mf_w.l(ffltui.o)
    0x080003dc   0x00000028   Code   RO         4104    .text               mf_w.l(ffixui.o)
    0x08000404   0x00000026   Code   RO         4106    .text               mf_w.l(f2d.o)
    0x0800042a   0x0000002c   Code   RO         4122    .text               mc_w.l(uidiv.o)
    0x08000456   0x00000062   Code   RO         4124    .text               mc_w.l(uldiv.o)
    0x080004b8   0x00000000   Code   RO         4126    .text               mc_w.l(iusefp.o)
    0x080004b8   0x0000006e   Code   RO         4127    .text               mf_w.l(fepilogue.o)
    0x08000526   0x0000014e   Code   RO         4129    .text               mf_w.l(dadd.o)
    0x08000674   0x000000e4   Code   RO         4131    .text               mf_w.l(dmul.o)
    0x08000758   0x000000de   Code   RO         4133    .text               mf_w.l(ddiv.o)
    0x08000836   0x00000030   Code   RO         4135    .text               mf_w.l(dfixul.o)
    0x08000866   0x00000002   PAD
    0x08000868   0x00000030   Code   RO         4137    .text               mf_w.l(cdrcmple.o)
    0x08000898   0x00000024   Code   RO         4139    .text               mc_w.l(init.o)
    0x080008bc   0x0000001e   Code   RO         4141    .text               mc_w.l(llshl.o)
    0x080008da   0x00000020   Code   RO         4143    .text               mc_w.l(llushr.o)
    0x080008fa   0x00000024   Code   RO         4145    .text               mc_w.l(llsshr.o)
    0x0800091e   0x000000ba   Code   RO         4147    .text               mf_w.l(depilogue.o)
    0x080009d8   0x00000154   Code   RO            1    i.App_DispScr_SignOn  main.o
    0x08000b2c   0x0000006c   Code   RO            2    i.App_Send_Data_Onenet  main.o
    0x08000b98   0x00000002   Code   RO            3    i.App_TCBInitHook   main.o
    0x08000b9a   0x00000002   Code   RO            4    i.App_TaskCreateHook  main.o
    0x08000b9c   0x00000002   Code   RO            6    i.App_TaskIdleHook  main.o
    0x08000b9e   0x00000002   PAD
    0x08000ba0   0x00000078   Code   RO            7    i.App_TaskStart     main.o
    0x08000c18   0x00000002   Code   RO            8    i.App_TaskStatHook  main.o
    0x08000c1a   0x00000002   Code   RO            9    i.App_TaskSwHook    main.o
    0x08000c1c   0x00000010   Code   RO          272    i.BSP_CPU_ClkFreq   bsp.o
    0x08000c2c   0x00000024   Code   RO          273    i.BSP_Init          bsp.o
    0x08000c50   0x00000004   Code   RO          187    i.BusFault_Handler  stm32f10x_it.o
    0x08000c54   0x00000018   Code   RO          938    i.DMA_Cmd           stm32f10x_dma.o
    0x08000c6c   0x0000014c   Code   RO          939    i.DMA_DeInit        stm32f10x_dma.o
    0x08000db8   0x0000003c   Code   RO          944    i.DMA_Init          stm32f10x_dma.o
    0x08000df4   0x00000004   Code   RO          945    i.DMA_SetCurrDataCounter  stm32f10x_dma.o
    0x08000df8   0x00000002   Code   RO          188    i.DebugMon_Handler  stm32f10x_it.o
    0x08000dfa   0x00000002   PAD
    0x08000dfc   0x0000002c   Code   RO          274    i.GPIO_Configuration  bsp.o
    0x08000e28   0x00000116   Code   RO         1248    i.GPIO_Init         stm32f10x_gpio.o
    0x08000f3e   0x00000002   PAD
    0x08000f40   0x000001e4   Code   RO          515    i.GPS_Analysis      gps.o
    0x08001124   0x00000114   Code   RO          558    i.Gps_Msg_Show      gprs.o
    0x08001238   0x00000004   Code   RO          189    i.HardFault_Handler  stm32f10x_it.o
    0x0800123c   0x00000004   Code   RO          190    i.MemManage_Handler  stm32f10x_it.o
    0x08001240   0x00000032   Code   RO          516    i.NMEA_Comma_Pos    gps.o
    0x08001272   0x00000016   Code   RO          517    i.NMEA_Pow          gps.o
    0x08001288   0x00000108   Code   RO          518    i.NMEA_Str2num      gps.o
    0x08001390   0x00000002   Code   RO          191    i.NMI_Handler       stm32f10x_it.o
    0x08001392   0x00000002   Code   RO          275    i.NVIC_Configuration  bsp.o
    0x08001394   0x00000070   Code   RO          675    i.NVIC_Init         misc.o
    0x08001404   0x00000014   Code   RO          676    i.NVIC_PriorityGroupConfig  misc.o
    0x08001418   0x00000028   Code   RO         3161    i.OSInit            os_core.o
    0x08001440   0x00000002   Code   RO         3719    i.OSInitHookBegin   os_cpu_c.o
    0x08001442   0x00000002   Code   RO         3720    i.OSInitHookEnd     os_cpu_c.o
    0x08001444   0x00000024   Code   RO         3162    i.OSIntEnter        os_core.o
    0x08001468   0x00000090   Code   RO         3163    i.OSIntExit         os_core.o
    0x080014f8   0x00000048   Code   RO         3166    i.OSStart           os_core.o
    0x08001540   0x0000004c   Code   RO         3167    i.OSStatInit        os_core.o
    0x0800158c   0x0000000c   Code   RO         3721    i.OSTCBInitHook     os_cpu_c.o
    0x08001598   0x000000a4   Code   RO         3597    i.OSTaskCreate      os_task.o
    0x0800163c   0x000000b8   Code   RO         3598    i.OSTaskCreateExt   os_task.o
    0x080016f4   0x0000000c   Code   RO         3722    i.OSTaskCreateHook  os_cpu_c.o
    0x08001700   0x00000008   Code   RO         3724    i.OSTaskIdleHook    os_cpu_c.o
    0x08001708   0x00000090   Code   RO         3602    i.OSTaskNameSet     os_task.o
    0x08001798   0x00000008   Code   RO         3725    i.OSTaskStatHook    os_cpu_c.o
    0x080017a0   0x0000008c   Code   RO         3605    i.OSTaskStkChk      os_task.o
    0x0800182c   0x0000009a   Code   RO         3726    i.OSTaskStkInit     os_cpu_c.o
    0x080018c6   0x00000002   PAD
    0x080018c8   0x000000a8   Code   RO         3606    i.OSTaskSuspend     os_task.o
    0x08001970   0x00000008   Code   RO         3727    i.OSTaskSwHook      os_cpu_c.o
    0x08001978   0x00000070   Code   RO         3674    i.OSTimeDly         os_time.o
    0x080019e8   0x00000070   Code   RO         3675    i.OSTimeDlyHMSM     os_time.o
    0x08001a58   0x0000001c   Code   RO         3678    i.OSTimeSet         os_time.o
    0x08001a74   0x000000ec   Code   RO         3168    i.OSTimeTick        os_core.o
    0x08001b60   0x00000002   Code   RO         3728    i.OSTimeTickHook    os_cpu_c.o
    0x08001b62   0x00000006   Code   RO         3169    i.OSVersion         os_core.o
    0x08001b68   0x0000000c   Code   RO          276    i.OS_CPU_SysTickClkFreq  bsp.o
    0x08001b74   0x0000002c   Code   RO         3729    i.OS_CPU_SysTickInit  os_cpu_c.o
    0x08001ba0   0x0000004c   Code   RO         3394    i.OS_FlagInit       os_flag.o
    0x08001bec   0x00000050   Code   RO         3177    i.OS_InitEventList  os_core.o
    0x08001c3c   0x00000054   Code   RO         3178    i.OS_InitMisc       os_core.o
    0x08001c90   0x00000048   Code   RO         3179    i.OS_InitRdyList    os_core.o
    0x08001cd8   0x00000068   Code   RO         3180    i.OS_InitTCBList    os_core.o
    0x08001d40   0x00000050   Code   RO         3181    i.OS_InitTaskIdle   os_core.o
    0x08001d90   0x00000050   Code   RO         3182    i.OS_InitTaskStat   os_core.o
    0x08001de0   0x00000012   Code   RO         3183    i.OS_MemClr         os_core.o
    0x08001df2   0x00000002   PAD
    0x08001df4   0x00000074   Code   RO         3185    i.OS_Sched          os_core.o
    0x08001e68   0x0000002c   Code   RO         3186    i.OS_SchedNew       os_core.o
    0x08001e94   0x0000001c   Code   RO         3187    i.OS_StrCopy        os_core.o
    0x08001eb0   0x00000014   Code   RO         3188    i.OS_StrLen         os_core.o
    0x08001ec4   0x00000120   Code   RO         3189    i.OS_TCBInit        os_core.o
    0x08001fe4   0x00000024   Code   RO         3190    i.OS_TaskIdle       os_core.o
    0x08002008   0x00000088   Code   RO         3191    i.OS_TaskStat       os_core.o
    0x08002090   0x0000003c   Code   RO         3192    i.OS_TaskStatStkChk  os_core.o
    0x080020cc   0x0000001a   Code   RO         3607    i.OS_TaskStkClr     os_task.o
    0x080020e6   0x00000002   PAD
    0x080020e8   0x000000dc   Code   RO          626    i.OneNet_FillBuf    onenet.o
    0x080021c4   0x00000084   Code   RO          628    i.OneNet_SendData   onenet.o
    0x08002248   0x00000020   Code   RO         1564    i.RCC_AHBPeriphClockCmd  stm32f10x_rcc.o
    0x08002268   0x00000020   Code   RO         1565    i.RCC_APB1PeriphClockCmd  stm32f10x_rcc.o
    0x08002288   0x00000020   Code   RO         1566    i.RCC_APB1PeriphResetCmd  stm32f10x_rcc.o
    0x080022a8   0x00000020   Code   RO         1567    i.RCC_APB2PeriphClockCmd  stm32f10x_rcc.o
    0x080022c8   0x00000020   Code   RO         1568    i.RCC_APB2PeriphResetCmd  stm32f10x_rcc.o
    0x080022e8   0x00000058   Code   RO          277    i.RCC_Configuration  bsp.o
    0x08002340   0x0000004c   Code   RO         1574    i.RCC_DeInit        stm32f10x_rcc.o
    0x0800238c   0x000000d4   Code   RO         1575    i.RCC_GetClocksFreq  stm32f10x_rcc.o
    0x08002460   0x0000003c   Code   RO         1576    i.RCC_GetFlagStatus  stm32f10x_rcc.o
    0x0800249c   0x00000010   Code   RO         1578    i.RCC_GetSYSCLKSource  stm32f10x_rcc.o
    0x080024ac   0x00000018   Code   RO         1579    i.RCC_HCLKConfig    stm32f10x_rcc.o
    0x080024c4   0x0000004c   Code   RO         1580    i.RCC_HSEConfig     stm32f10x_rcc.o
    0x08002510   0x00000018   Code   RO         1586    i.RCC_PCLK1Config   stm32f10x_rcc.o
    0x08002528   0x00000018   Code   RO         1587    i.RCC_PCLK2Config   stm32f10x_rcc.o
    0x08002540   0x0000000c   Code   RO         1588    i.RCC_PLLCmd        stm32f10x_rcc.o
    0x0800254c   0x0000001c   Code   RO         1589    i.RCC_PLLConfig     stm32f10x_rcc.o
    0x08002568   0x00000018   Code   RO         1592    i.RCC_SYSCLKConfig  stm32f10x_rcc.o
    0x08002580   0x00000038   Code   RO         1594    i.RCC_WaitForHSEStartUp  stm32f10x_rcc.o
    0x080025b8   0x00000002   Code   RO          192    i.SVC_Handler       stm32f10x_it.o
    0x080025ba   0x00000008   Code   RO          238    i.SetSysClock       system_stm32f10x.o
    0x080025c2   0x00000002   PAD
    0x080025c4   0x000000e0   Code   RO          239    i.SetSysClockTo72   system_stm32f10x.o
    0x080026a4   0x00000028   Code   RO         3730    i.SysTick_Handler   os_cpu_c.o
    0x080026cc   0x00000060   Code   RO          241    i.SystemInit        system_stm32f10x.o
    0x0800272c   0x00000030   Code   RO          447    i.TIM4_IRQHandler   usart2.o
    0x0800275c   0x00000058   Code   RO          448    i.TIM4_Init         usart2.o
    0x080027b4   0x00000028   Code   RO          449    i.TIM4_Set          usart2.o
    0x080027dc   0x00000006   Code   RO         2200    i.TIM_ClearITPendingBit  stm32f10x_tim.o
    0x080027e2   0x00000018   Code   RO         2205    i.TIM_Cmd           stm32f10x_tim.o
    0x080027fa   0x00000022   Code   RO         2226    i.TIM_GetITStatus   stm32f10x_tim.o
    0x0800281c   0x00000012   Code   RO         2230    i.TIM_ITConfig      stm32f10x_tim.o
    0x0800282e   0x00000004   Code   RO         2270    i.TIM_SetCounter    stm32f10x_tim.o
    0x08002832   0x00000002   PAD
    0x08002834   0x000000a4   Code   RO         2276    i.TIM_TimeBaseInit  stm32f10x_tim.o
    0x080028d8   0x00000048   Code   RO          450    i.UART_DMA_Config   usart2.o
    0x08002920   0x00000020   Code   RO          451    i.UART_DMA_Enable   usart2.o
    0x08002940   0x00000088   Code   RO          351    i.USART1_IRQHandler  usart.o
    0x080029c8   0x00000064   Code   RO          452    i.USART2_IRQHandler  usart2.o
    0x08002a2c   0x000000e8   Code   RO          453    i.USART2_Init       usart2.o
    0x08002b14   0x00000064   Code   RO          392    i.USART3_IRQHandler  usart3.o
    0x08002b78   0x00000018   Code   RO         2741    i.USART_Cmd         stm32f10x_usart.o
    0x08002b90   0x00000012   Code   RO         2742    i.USART_DMACmd      stm32f10x_usart.o
    0x08002ba2   0x00000002   PAD
    0x08002ba4   0x0000009c   Code   RO         2743    i.USART_DeInit      stm32f10x_usart.o
    0x08002c40   0x00000054   Code   RO         2745    i.USART_GetITStatus  stm32f10x_usart.o
    0x08002c94   0x0000004a   Code   RO         2747    i.USART_ITConfig    stm32f10x_usart.o
    0x08002cde   0x00000002   PAD
    0x08002ce0   0x000000d8   Code   RO         2748    i.USART_Init        stm32f10x_usart.o
    0x08002db8   0x0000000a   Code   RO         2755    i.USART_ReceiveData  stm32f10x_usart.o
    0x08002dc2   0x00000004   Code   RO          193    i.UsageFault_Handler  stm32f10x_it.o
    0x08002dc6   0x00000002   PAD
    0x08002dc8   0x00000020   Code   RO         4070    i.__0printf         mc_w.l(printfa.o)
    0x08002de8   0x00000028   Code   RO         4072    i.__0sprintf        mc_w.l(printfa.o)
    0x08002e10   0x00000024   Code   RO         4076    i.__0vsprintf       mc_w.l(printfa.o)
    0x08002e34   0x0000000e   Code   RO         4151    i.__scatterload_copy  mc_w.l(handlers.o)
    0x08002e42   0x00000002   Code   RO         4152    i.__scatterload_null  mc_w.l(handlers.o)
    0x08002e44   0x0000000e   Code   RO         4153    i.__scatterload_zeroinit  mc_w.l(handlers.o)
    0x08002e52   0x00000002   PAD
    0x08002e54   0x00000184   Code   RO         4077    i._fp_digits        mc_w.l(printfa.o)
    0x08002fd8   0x000006dc   Code   RO         4078    i._printf_core      mc_w.l(printfa.o)
    0x080036b4   0x00000024   Code   RO         4079    i._printf_post_padding  mc_w.l(printfa.o)
    0x080036d8   0x0000002e   Code   RO         4080    i._printf_pre_padding  mc_w.l(printfa.o)
    0x08003706   0x0000000a   Code   RO         4082    i._sputc            mc_w.l(printfa.o)
    0x08003710   0x0000001c   Code   RO          353    i.fputc             usart.o
    0x0800372c   0x00000034   Code   RO          559    i.gprs_check_cmd    gprs.o
    0x08003760   0x000000f0   Code   RO          560    i.gprs_connet_server  gprs.o
    0x08003850   0x00000084   Code   RO          561    i.gprs_send_cmd     gprs.o
    0x080038d4   0x00000058   Code   RO          562    i.gprs_send_data    gprs.o
    0x0800392c   0x00000108   Code   RO          563    i.gprs_test         gprs.o
    0x08003a34   0x000000b8   Code   RO          564    i.gprs_word_test    gprs.o
    0x08003aec   0x0000006c   Code   RO          393    i.gps_dma_config    usart3.o
    0x08003b58   0x00000010   Code   RO          394    i.gps_usart3_config  usart3.o
    0x08003b68   0x00000080   Code   RO           11    i.main              main.o
    0x08003be8   0x00000040   Code   RO          454    i.u2_printf         usart2.o
    0x08003c28   0x000000a0   Code   RO          354    i.uart_init         usart.o
    0x08003cc8   0x000000c0   Code   RO          395    i.usart3_init       usart3.o
    0x08003d88   0x00000100   Data   RO         3194    .constdata          os_core.o
    0x08003e88   0x00000066   Data   RO          629    .conststring        onenet.o
    0x08003eee   0x00000002   PAD
    0x08003ef0   0x00000020   Data   RO         4149    Region$$Table       anon$$obj.o


    Execution Region RW_IRAM1 (Base: 0x20000000, Size: 0x000025f8, Max: 0x00010000, ABSOLUTE)

    Base Addr    Size         Type   Attr      Idx    E Section Name        Object

    0x20000000   0x00000006   Data   RW          356    .data               usart.o
    0x20000006   0x00000002   PAD
    0x20000008   0x00000004   Data   RW          397    .data               usart3.o
    0x2000000c   0x00000002   Data   RW          456    .data               usart2.o
    0x2000000e   0x00000004   Data   RW          566    .data               gprs.o
    0x20000012   0x00000002   PAD
    0x20000014   0x00000008   Data   RW          630    .data               onenet.o
    0x2000001c   0x00000014   Data   RW         1595    .data               stm32f10x_rcc.o
    0x20000030   0x00000040   Data   RW         3195    .data               os_core.o
    0x20000070   0x00000600   Zero   RW           12    .bss                main.o
    0x20000670   0x000000c8   Zero   RW          355    .bss                usart.o
    0x20000738   0x000007d0   Zero   RW          396    .bss                usart3.o
    0x20000f08   0x00000800   Zero   RW          455    .bss                usart2.o
    0x20001708   0x00000054   Zero   RW          565    .bss                gprs.o
    0x2000175c   0x00000a9c   Zero   RW         3193    .bss                os_core.o
    0x200021f8   0x00000400   Zero   RW          668    STACK               startup_stm32f10x_hd.o


==============================================================================

Image component sizes


      Code (inc. data)   RO Data    RW Data    ZI Data      Debug   Object Name

       198          4          0          0          0       2759   bsp.o
         0          0          0          0          0         32   core_cm3.o
        42          0          0          0          0        280   cpu_a.o
      1236        534          0          4         84       4711   gprs.o
       820         24          0          0          0       3454   gps.o
       706        364          0          0       1536     284259   main.o
       132         22          0          0          0       1443   misc.o
       352        166        102          8          0       1353   onenet.o
      1856        362        256         64       2716      21376   os_core.o
       164         32          0          0          0        304   os_cpu_a.o
       292          6          0          0          0      15395   os_cpu_c.o
        76          8          0          0          0       9239   os_flag.o
       826         62          0          0          0       5328   os_task.o
       252         24          0          0          0       1900   os_time.o
        36          8        304          0       1024        764   startup_stm32f10x_hd.o
       420          8          0          0          0       3835   stm32f10x_dma.o
       278          0          0          0          0       1904   stm32f10x_gpio.o
        22          0          0          0          0       2783   stm32f10x_it.o
       792        110          0         20          0      11668   stm32f10x_rcc.o
       250         42          0          0          0       3883   stm32f10x_tim.o
       582         28          0          0          0       5972   stm32f10x_usart.o
       328         28          0          0          0       1749   system_stm32f10x.o
       324         26          0          6        200       3428   usart.o
       676         64          0          2       2048       5643   usart2.o
       416         40          0          4       2000       2669   usart3.o

    ----------------------------------------------------------------------
     11100       1962        696        112       9608     396131   Object Totals
         0          0         32          0          0          0   (incl. Generated)
        24          0          2          4          0          0   (incl. Padding)

    ----------------------------------------------------------------------

      Code (inc. data)   RO Data    RW Data    ZI Data      Debug   Library Member Name

         0          0          0          0          0          0   entry.o
         0          0          0          0          0          0   entry10a.o
         0          0          0          0          0          0   entry11a.o
         8          4          0          0          0          0   entry2.o
         4          0          0          0          0          0   entry5.o
         0          0          0          0          0          0   entry7b.o
         0          0          0          0          0          0   entry8b.o
         8          4          0          0          0          0   entry9a.o
        30          0          0          0          0          0   handlers.o
        36          8          0          0          0         68   init.o
         0          0          0          0          0          0   iusefp.o
        30          0          0          0          0         68   llshl.o
        36          0          0          0          0         68   llsshr.o
        32          0          0          0          0         68   llushr.o
        36          0          0          0          0        108   memseta.o
      2344        102          0          0          0        684   printfa.o
        24          0          0          0          0         68   strcat.o
        14          0          0          0          0         68   strlen.o
        36          0          0          0          0         80   strstr.o
        44          0          0          0          0         80   uidiv.o
        98          0          0          0          0         92   uldiv.o
        48          0          0          0          0         68   cdrcmple.o
       334          0          0          0          0        148   dadd.o
       222          0          0          0          0        100   ddiv.o
       186          0          0          0          0        176   depilogue.o
        48          0          0          0          0         68   dfixul.o
       228          0          0          0          0         96   dmul.o
        38          0          0          0          0         68   f2d.o
       176          0          0          0          0        140   fadd.o
       124          0          0          0          0         88   fdiv.o
       110          0          0          0          0        168   fepilogue.o
        40          0          0          0          0         68   ffixui.o
        10          0          0          0          0         68   ffltui.o

    ----------------------------------------------------------------------
      4348        118          0          0          0       2708   Library Totals
         4          0          0          0          0          0   (incl. Padding)

    ----------------------------------------------------------------------

      Code (inc. data)   RO Data    RW Data    ZI Data      Debug   Library Name

      2780        118          0          0          0       1452   mc_w.l
      1564          0          0          0          0       1256   mf_w.l

    ----------------------------------------------------------------------
      4348        118          0          0          0       2708   Library Totals

    ----------------------------------------------------------------------

==============================================================================


      Code (inc. data)   RO Data    RW Data    ZI Data      Debug   

     15448       2080        696        112       9608     390879   Grand Totals
     15448       2080        696        112       9608     390879   ELF Image Totals
     15448       2080        696        112          0          0   ROM Totals

==============================================================================

    Total RO  Size (Code + RO Data)                16144 (  15.77kB)
    Total RW  Size (RW Data + ZI Data)              9720 (   9.49kB)
    Total ROM Size (Code + RO Data + RW Data)      16256 (  15.88kB)

==============================================================================

